Archive member included to satisfy reference by file (symbol)

../GUI/Lib\libSTemWin.a(F6x8.o)
                              Core/Src/GUIConf.o (GUI_Font6x8)
../GUI/Lib\libSTemWin.a(GUIDRV_FlexColor_Func66709.o)
                              Core/Src/LCDConf_FlexColor.o (GUIDRV_FlexColor_SetFunc66709)
../GUI/Lib\libSTemWin.a(GUIDRV_FlexColor_16bpp_C0B8.o)
                              Core/Src/LCDConf_FlexColor.o (GUIDRV_FlexColor_SetMode16bppC0B8)
../GUI/Lib\libSTemWin.a(GUIDRV_FlexColor.o)
                              ../GUI/Lib\libSTemWin.a(GUIDRV_FlexColor_16bpp_C0B8.o) (GUIDRV_FlexColor__SetPixelIndexNoCache)
../GUI/Lib\libSTemWin.a(LCD_Set.o)
                              Core/Src/LCDConf_FlexColor.o (LCD_SetVSizeEx)
../GUI/Lib\libSTemWin.a(GUI__Private.o)
                              ../GUI/Lib\libSTemWin.a(GUIDRV_FlexColor.o) (GUI__pfMemset)
../GUI/Lib\libSTemWin.a(GUI__Alpha.o)
                              ../GUI/Lib\libSTemWin.a(GUI__Private.o) (GUI__pfMixColors)
../GUI/Lib\libSTemWin.a(GUI_UC.o)
                              ../GUI/Lib\libSTemWin.a(GUI__Private.o) (GUI_UC__GetCharCodeInc)
../GUI/Lib\libSTemWin.a(GUI_DispString.o)
                              ../GUI/Lib\libSTemWin.a(GUI__Private.o) (GUI_GetStringDistX)
../GUI/Lib\libSTemWin.a(GUI_DispChar.o)
                              ../GUI/Lib\libSTemWin.a(GUI_DispString.o) (GUI_DispChar)
../GUI/Lib\libSTemWin.a(GUI_Device.o)
                              ../GUI/Lib\libSTemWin.a(LCD_Set.o) (GUI_DEVICE__GetpDriver)
../GUI/Lib\libSTemWin.a(GUI_Core.o)
                              ../GUI/Lib\libSTemWin.a(LCD_Set.o) (GUI__apDevice)
../GUI/Lib\libSTemWin.a(GUI_Common.o)
                              ../GUI/Lib\libSTemWin.a(GUI__Private.o) (GUI_AddHex)
../GUI/Lib\libSTemWin.a(GUI_CharM.o)
                              ../GUI/Lib\libSTemWin.a(F6x8.o) (GUIMONO_DispChar)
../GUI/Lib\libSTemWin.a(GUI_CharLine.o)
                              ../GUI/Lib\libSTemWin.a(GUI_DispString.o) (GUI__GetLineNumChars)
../GUI/Lib\libSTemWin.a(GUI_Char.o)
                              ../GUI/Lib\libSTemWin.a(GUI_DispString.o) (GUI_GetYAdjust)
../GUI/Lib\libSTemWin.a(GUI_BMP.o)
                              Core/Src/main.o (GUI_BMP_DrawEx)
../GUI/Lib\libSTemWin.a(GUI_Alloc.o)
                              ../GUI/Lib\libSTemWin.a(GUI_Core.o) (GUI_ALLOC_Exit)
../GUI/Lib\libSTemWin.a(GUICC_M565.o)
                              Core/Src/LCDConf_FlexColor.o (LCD_API_ColorConv_M565)
../GUI/Lib\libSTemWin.a(GUICC_M555_Index2Color.o)
                              ../GUI/Lib\libSTemWin.a(GUI_BMP.o) (LCD_Index2Color_M555)
../GUI/Lib\libSTemWin.a(GUICC_888_Index2Color.o)
                              ../GUI/Lib\libSTemWin.a(GUI__Alpha.o) (LCD_Index2Color_888)
../GUI/Lib\libSTemWin.a(GUICC_8888_Index2Color.o)
                              ../GUI/Lib\libSTemWin.a(GUI__Alpha.o) (LCD_Index2Color_8888)
../GUI/Lib\libSTemWin.a(WM_Lib.o)
                              ../GUI/Lib\libSTemWin.a(GUI_Common.o) (WM_GetClientRect)
../GUI/Lib\libSTemWin.a(WM.o)
                              ../GUI/Lib\libSTemWin.a(WM_Lib.o) (WM__ahWinFocus)
../GUI/Lib\libSTemWin.a(GUIDEV_StaticDevices.o)
                              ../GUI/Lib\libSTemWin.a(WM.o) (GUI_MEMDEV_Paint1Static)
../GUI/Lib\libSTemWin.a(GUIDEV_SetOrg.o)
                              ../GUI/Lib\libSTemWin.a(GUIDEV_StaticDevices.o) (GUI_MEMDEV_SetOrg)
../GUI/Lib\libSTemWin.a(GUIDEV_GetYSize.o)
                              ../GUI/Lib\libSTemWin.a(GUIDEV_StaticDevices.o) (GUI_MEMDEV_GetYSize)
../GUI/Lib\libSTemWin.a(GUIDEV_GetXSize.o)
                              ../GUI/Lib\libSTemWin.a(GUIDEV_StaticDevices.o) (GUI_MEMDEV_GetXSize)
../GUI/Lib\libSTemWin.a(GUIDEV_GetPos.o)
                              ../GUI/Lib\libSTemWin.a(GUIDEV_StaticDevices.o) (GUI_MEMDEV_GetXPos)
../GUI/Lib\libSTemWin.a(GUIDEV_GetDataPtr.o)
                              ../GUI/Lib\libSTemWin.a(GUIDEV_StaticDevices.o) (GUI_MEMDEV_GetDataPtr)
../GUI/Lib\libSTemWin.a(GUIDEV_CreateFixed.o)
                              ../GUI/Lib\libSTemWin.a(GUIDEV_StaticDevices.o) (GUI_MEMDEV_CreateFixed)
../GUI/Lib\libSTemWin.a(GUIDEV_Banding.o)
                              ../GUI/Lib\libSTemWin.a(WM.o) (GUI_MEMDEV_Draw)
../GUI/Lib\libSTemWin.a(GUIDEV_32.o)
                              ../GUI/Lib\libSTemWin.a(GUIDEV_StaticDevices.o) (GUI_MEMDEV_DEVICE_32)
../GUI/Lib\libSTemWin.a(GUIDEV_16.o)
                              ../GUI/Lib\libSTemWin.a(GUIDRV_FlexColor_16bpp_C0B8.o) (GUI_MEMDEV_DEVICE_16)
../GUI/Lib\libSTemWin.a(GUIDEV.o)
                              ../GUI/Lib\libSTemWin.a(GUIDEV_StaticDevices.o) (GUI_MEMDEV__CreateFixed)
../GUI/Lib\libSTemWin.a(LCD_UpdateColorIndices.o)
                              ../GUI/Lib\libSTemWin.a(GUI_Common.o) (LCD_UpdateColorIndices)
../GUI/Lib\libSTemWin.a(LCD_SetClipRectEx.o)
                              ../GUI/Lib\libSTemWin.a(WM.o) (LCD_SetClipRectEx)
../GUI/Lib\libSTemWin.a(LCD_SelectLCD.o)
[...]
Memory Configuration

Name             Origin             Length             Attributes
CCMRAM           0x0000000010000000 0x0000000000010000 xrw
RAM              0x0000000020000000 0x0000000000020000 xrw
FLASH            0x0000000008000000 0x0000000000100000 xr
*default*        0x0000000000000000 0xffffffffffffffff

Linker script and memory map

LOAD c:/st/stm32cubeide_1.5.0/stm32cubeide/plugins/com.st.stm32cube.ide.mcu.externaltools.gnu-tools-for-stm32.7-2018-q2-update.win32_1.5.0.202011040924/tools/bin/../lib/gcc/arm-none-eabi/7.3.1/thumb/v7e-m/fpv4-sp/hard/crti.o
LOAD c:/st/stm32cubeide_1.5.0/stm32cubeide/plugins/com.st.stm32cube.ide.mcu.externaltools.gnu-tools-for-stm32.7-2018-q2-update.win32_1.5.0.202011040924/tools/bin/../lib/gcc/arm-none-eabi/7.3.1/thumb/v7e-m/fpv4-sp/hard/crtbegin.o
LOAD c:/st/stm32cubeide_1.5.0/stm32cubeide/plugins/com.st.stm32cube.ide.mcu.externaltools.gnu-tools-for-stm32.7-2018-q2-update.win32_1.5.0.202011040924/tools/bin/../lib/gcc/arm-none-eabi/7.3.1/../../../../arm-none-eabi/lib/thumb/v7e-m/fpv4-sp/hard/crt0.o
LOAD Core/Src/GUIConf.o
LOAD Core/Src/GUI_X.o
LOAD Core/Src/LCDConf_FlexColor.o
LOAD Core/Src/fatfs_sd.o
LOAD Core/Src/main.o
LOAD Core/Src/spi_flash.o
LOAD Core/Src/stm32f4xx_hal_msp.o
LOAD Core/Src/stm32f4xx_it.o
LOAD Core/Src/syscalls.o
LOAD Core/Src/sysmem.o
LOAD Core/Src/system_stm32f4xx.o
LOAD Core/Startup/startup_stm32f407vgtx.o
LOAD Drivers/STM32F4xx_HAL_Driver/Src/stm32f4xx_hal.o
LOAD Drivers/STM32F4xx_HAL_Driver/Src/stm32f4xx_hal_cortex.o
LOAD Drivers/STM32F4xx_HAL_Driver/Src/stm32f4xx_hal_crc.o
LOAD Drivers/STM32F4xx_HAL_Driver/Src/stm32f4xx_hal_dma.o
LOAD Drivers/STM32F4xx_HAL_Driver/Src/stm32f4xx_hal_dma_ex.o
LOAD Drivers/STM32F4xx_HAL_Driver/Src/stm32f4xx_hal_exti.o
LOAD Drivers/STM32F4xx_HAL_Driver/Src/stm32f4xx_hal_flash.o
LOAD Drivers/STM32F4xx_HAL_Driver/Src/stm32f4xx_hal_flash_ex.o
LOAD Drivers/STM32F4xx_HAL_Driver/Src/stm32f4xx_hal_flash_ramfunc.o
LOAD Drivers/STM32F4xx_HAL_Driver/Src/stm32f4xx_hal_gpio.o
LOAD Drivers/STM32F4xx_HAL_Driver/Src/stm32f4xx_hal_pwr.o
LOAD Drivers/STM32F4xx_HAL_Driver/Src/stm32f4xx_hal_pwr_ex.o
LOAD Drivers/STM32F4xx_HAL_Driver/Src/stm32f4xx_hal_rcc.o
LOAD Drivers/STM32F4xx_HAL_Driver/Src/stm32f4xx_hal_rcc_ex.o
LOAD Drivers/STM32F4xx_HAL_Driver/Src/stm32f4xx_hal_spi.o
LOAD Drivers/STM32F4xx_HAL_Driver/Src/stm32f4xx_hal_tim.o
LOAD Drivers/STM32F4xx_HAL_Driver/Src/stm32f4xx_hal_tim_ex.o
LOAD FATFS/App/fatfs.o
LOAD FATFS/Target/user_diskio.o
LOAD Middlewares/Third_Party/FatFs/src/diskio.o
LOAD Middlewares/Third_Party/FatFs/src/ff.o
LOAD Middlewares/Third_Party/FatFs/src/ff_gen_drv.o
LOAD Middlewares/Third_Party/FatFs/src/option/ccsbcs.o
LOAD Middlewares/Third_Party/FatFs/src/option/syscall.o
LOAD ../GUI/Lib\libSTemWin.a
START GROUP
LOAD c:/st/stm32cubeide_1.5.0/stm32cubeide/plugins/com.st.stm32cube.ide.mcu.externaltools.gnu-tools-for-stm32.7-2018-q2-update.win32_1.5.0.202011040924/tools/bin/../lib/gcc/arm-none-eabi/7.3.1/../../../../arm-none-eabi/lib/thumb/v7e-m/fpv4-sp/hard\libc_nano.a
LOAD c:/st/stm32cubeide_1.5.0/stm32cubeide/plugins/com.st.stm32cube.ide.mcu.externaltools.gnu-tools-for-stm32.7-2018-q2-update.win32_1.5.0.202011040924/tools/bin/../lib/gcc/arm-none-eabi/7.3.1/../../../../arm-none-eabi/lib/thumb/v7e-m/fpv4-sp/hard\libm.a
END GROUP
START GROUP
LOAD c:/st/stm32cubeide_1.5.0/stm32cubeide/plugins/com.st.stm32cube.ide.mcu.externaltools.gnu-tools-for-stm32.7-2018-q2-update.win32_1.5.0.202011040924/tools/bin/../lib/gcc/arm-none-eabi/7.3.1/thumb/v7e-m/fpv4-sp/hard\libgcc.a
LOAD c:/st/stm32cubeide_1.5.0/stm32cubeide/plugins/com.st.stm32cube.ide.mcu.externaltools.gnu-tools-for-stm32.7-2018-q2-update.win32_1.5.0.202011040924/tools/bin/../lib/gcc/arm-none-eabi/7.3.1/../../../../arm-none-eabi/lib/thumb/v7e-m/fpv4-sp/hard\libc_nano.a
END GROUP
START GROUP
LOAD c:/st/stm32cubeide_1.5.0/stm32cubeide/plugins/com.st.stm32cube.ide.mcu.externaltools.gnu-tools-for-stm32.7-2018-q2-update.win32_1.5.0.202011040924/tools/bin/../lib/gcc/arm-none-eabi/7.3.1/thumb/v7e-m/fpv4-sp/hard\libgcc.a
LOAD c:/st/stm32cubeide_1.5.0/stm32cubeide/plugins/com.st.stm32cube.ide.mcu.externaltools.gnu-tools-for-stm32.7-2018-q2-update.win32_1.5.0.202011040924/tools/bin/../lib/gcc/arm-none-eabi/7.3.1/../../../../arm-none-eabi/lib/thumb/v7e-m/fpv4-sp/hard\libc_nano.a
LOAD c:/st/stm32cubeide_1.5.0/stm32cubeide/plugins/com.st.stm32cube.ide.mcu.externaltools.gnu-tools-for-stm32.7-2018-q2-update.win32_1.5.0.202011040924/tools/bin/../lib/gcc/arm-none-eabi/7.3.1/../../../../arm-none-eabi/lib/thumb/v7e-m/fpv4-sp/hard\libnosys.a
END GROUP
START GROUP
LOAD c:/st/stm32cubeide_1.5.0/stm32cubeide/plugins/com.st.stm32cube.ide.mcu.externaltools.gnu-tools-for-stm32.7-2018-q2-update.win32_1.5.0.202011040924/tools/bin/../lib/gcc/arm-none-eabi/7.3.1/thumb/v7e-m/fpv4-sp/hard\libgcc.a
LOAD c:/st/stm32cubeide_1.5.0/stm32cubeide/plugins/com.st.stm32cube.ide.mcu.externaltools.gnu-tools-for-stm32.7-2018-q2-update.win32_1.5.0.202011040924/tools/bin/../lib/gcc/arm-none-eabi/7.3.1/../../../../arm-none-eabi/lib/thumb/v7e-m/fpv4-sp/hard\libc_nano.a
LOAD c:/st/stm32cubeide_1.5.0/stm32cubeide/plugins/com.st.stm32cube.ide.mcu.externaltools.gnu-tools-for-stm32.7-2018-q2-update.win32_1.5.0.202011040924/tools/bin/../lib/gcc/arm-none-eabi/7.3.1/../../../../arm-none-eabi/lib/thumb/v7e-m/fpv4-sp/hard\libnosys.a
END GROUP
LOAD c:/st/stm32cubeide_1.5.0/stm32cubeide/plugins/com.st.stm32cube.ide.mcu.externaltools.gnu-tools-for-stm32.7-2018-q2-update.win32_1.5.0.202011040924/tools/bin/../lib/gcc/arm-none-eabi/7.3.1/thumb/v7e-m/fpv4-sp/hard/crtend.o
LOAD c:/st/stm32cubeide_1.5.0/stm32cubeide/plugins/com.st.stm32cube.ide.mcu.externaltools.gnu-tools-for-stm32.7-2018-q2-update.win32_1.5.0.202011040924/tools/bin/../lib/gcc/arm-none-eabi/7.3.1/thumb/v7e-m/fpv4-sp/hard/crtn.o
                0x0000000020020000                _estack = (ORIGIN (RAM) + LENGTH (RAM))
                0x0000000000000200                _Min_Heap_Size = 0x200
                0x0000000000000400                _Min_Stack_Size = 0x400

.isr_vector     0x0000000008000000      0x188
                0x0000000008000000                . = ALIGN (0x4)
 *(.isr_vector)
 .isr_vector    0x0000000008000000      0x188 Core/Startup/startup_stm32f407vgtx.o
                0x0000000008000000                g_pfnVectors
                0x0000000008000188                . = ALIGN (0x4)

.text           0x0000000008000188     0xbb2c
                0x0000000008000188                . = ALIGN (0x4)
 *(.text)
 .text          0x0000000008000188       0x40 c:/st/stm32cubeide_1.5.0/stm32cubeide/plugins/com.st.stm32cube.ide.mcu.externaltools.gnu-tools-for-stm32.7-2018-q2-update.win32_1.5.0.202011040924/tools/bin/../lib/gcc/arm-none-eabi/7.3.1/thumb/v7e-m/fpv4-sp/hard/crtbegin.o
 .text          0x00000000080001c8       0x30 c:/st/stm32cubeide_1.5.0/stm32cubeide/plugins/com.st.stm32cube.ide.mcu.externaltools.gnu-tools-for-stm32.7-2018-q2-update.win32_1.5.0.202011040924/tools/bin/../lib/gcc/arm-none-eabi/7.3.1/thumb/v7e-m/fpv4-sp/hard\libgcc.a(_aeabi_uldivmod.o)
                0x00000000080001c8                __aeabi_uldivmod
 .text          0x00000000080001f8      0x2cc c:/st/stm32cubeide_1.5.0/stm32cubeide/plugins/com.st.stm32cube.ide.mcu.externaltools.gnu-tools-for-stm32.7-2018-q2-update.win32_1.5.0.202011040924/tools/bin/../lib/gcc/arm-none-eabi/7.3.1/thumb/v7e-m/fpv4-sp/hard\libgcc.a(_udivmoddi4.o)
                0x00000000080001f8                __udivmoddi4
 .text          0x00000000080004c4        0x4 c:/st/stm32cubeide_1.5.0/stm32cubeide/plugins/com.st.stm32cube.ide.mcu.externaltools.gnu-tools-for-stm32.7-2018-q2-update.win32_1.5.0.202011040924/tools/bin/../lib/gcc/arm-none-eabi/7.3.1/thumb/v7e-m/fpv4-sp/hard\libgcc.a(_dvmd_tls.o)
                0x00000000080004c4                __aeabi_idiv0
                0x00000000080004c4                __aeabi_ldiv0
 *(.text*)
 .text.GUI_X_Config
                0x00000000080004c8       0x20 Core/Src/GUIConf.o
                0x00000000080004c8                GUI_X_Config
 .text.GUI_X_Init
                0x00000000080004e8        0xe Core/Src/GUI_X.o
                0x00000000080004e8                GUI_X_Init
 *fill*         0x00000000080004f6        0x2 
 .text.LcdWriteReg
                0x00000000080004f8       0x44 Core/Src/LCDConf_FlexColor.o
 .text.LcdReadReg
                0x000000000800053c       0x10 Core/Src/LCDConf_FlexColor.o
 .text.LcdWriteData
                0x000000000800054c       0x44 Core/Src/LCDConf_FlexColor.o
 .text.LcdWriteDataMultiple
                0x0000000008000590       0x4c Core/Src/LCDConf_FlexColor.o
 .text.LcdReadDataMultiple
                0x00000000080005dc       0x22 Core/Src/LCDConf_FlexColor.o
 *fill*         0x00000000080005fe        0x2 
 .text.LcdInit  0x0000000008000600      0x278 Core/Src/LCDConf_FlexColor.o
                0x0000000008000600                LcdInit
 .text.LCD_X_Config
                0x0000000008000878       0xa4 Core/Src/LCDConf_FlexColor.o
                0x0000000008000878                LCD_X_Config
 .text.LCD_X_DisplayDriver
                0x000000000800091c       0x2a Core/Src/LCDConf_FlexColor.o
                0x000000000800091c                LCD_X_DisplayDriver
 *fill*         0x0000000008000946        0x2 
 .text.SELECT   0x0000000008000948       0x20 Core/Src/fatfs_sd.o
 .text.DESELECT
                0x0000000008000968       0x20 Core/Src/fatfs_sd.o
 .text.SPI_TxByte
                0x0000000008000988       0x34 Core/Src/fatfs_sd.o
 .text.SPI_TxBuffer
                0x00000000080009bc       0x34 Core/Src/fatfs_sd.o
 .text.SPI_RxByte
                0x00000000080009f0       0x38 Core/Src/fatfs_sd.o
 .text.SPI_RxBytePtr
                0x0000000008000a28       0x1c Core/Src/fatfs_sd.o
 .text.SD_ReadyWait
                0x0000000008000a44       0x34 Core/Src/fatfs_sd.o
 .text.SD_PowerOn
                0x0000000008000a78       0x84 Core/Src/fatfs_sd.o
 .text.SD_PowerOff
                0x0000000008000afc       0x18 Core/Src/fatfs_sd.o
 .text.SD_CheckPower
                0x0000000008000b14       0x18 Core/Src/fatfs_sd.o
 .text.SD_RxDataBlock
                0x0000000008000b2c       0x5c Core/Src/fatfs_sd.o
 .text.SD_TxDataBlock
                0x0000000008000b88       0x86 Core/Src/fatfs_sd.o
 .text.SD_SendCmd
                0x0000000008000c0e       0xa8 Core/Src/fatfs_sd.o
 *fill*         0x0000000008000cb6        0x2 
 .text.SD_disk_initialize
                0x0000000008000cb8      0x1cc Core/Src/fatfs_sd.o
                0x0000000008000cb8                SD_disk_initialize
 .text.SD_disk_status
                0x0000000008000e84       0x2c Core/Src/fatfs_sd.o
                0x0000000008000e84                SD_disk_status
 .text.SD_disk_read
                0x0000000008000eb0       0xd4 Core/Src/fatfs_sd.o
                0x0000000008000eb0                SD_disk_read
 .text.SD_disk_write
                0x0000000008000f84      0x108 Core/Src/fatfs_sd.o
                0x0000000008000f84                SD_disk_write
 .text.SD_disk_ioctl
                0x000000000800108c      0x254 Core/Src/fatfs_sd.o
                0x000000000800108c                SD_disk_ioctl
 .text._GetData
                0x00000000080012e0       0x38 Core/Src/main.o
 .text.main     0x0000000008001318       0xbc Core/Src/main.o
                0x0000000008001318                main
 .text.SystemClock_Config
                0x00000000080013d4       0xd4 Core/Src/main.o
                0x00000000080013d4                SystemClock_Config
 .text.MX_CRC_Init
                0x00000000080014a8       0x28 Core/Src/main.o
 .text.MX_SPI1_Init
                0x00000000080014d0       0x6c Core/Src/main.o
 .text.MX_SPI2_Init
                0x000000000800153c       0x6c Core/Src/main.o
 .text.MX_GPIO_Init
                0x00000000080015a8       0xec Core/Src/main.o
 .text.Error_Handler
                0x0000000008001694        0x8 Core/Src/main.o
                0x0000000008001694                Error_Handler
 .text.HAL_MspInit
                0x000000000800169c       0x50 Core/Src/stm32f4xx_hal_msp.o
                0x000000000800169c                HAL_MspInit
 .text.HAL_CRC_MspInit
                0x00000000080016ec       0x44 Core/Src/stm32f4xx_hal_msp.o
                0x00000000080016ec                HAL_CRC_MspInit
 .text.HAL_SPI_MspInit
                0x0000000008001730       0xfc Core/Src/stm32f4xx_hal_msp.o
                0x0000000008001730                HAL_SPI_MspInit
 .text.NMI_Handler
                0x000000000800182c        0x6 Core/Src/stm32f4xx_it.o
                0x000000000800182c                NMI_Handler
 .text.HardFault_Handler
                0x0000000008001832        0x6 Core/Src/stm32f4xx_it.o
                0x0000000008001832                HardFault_Handler
 .text.MemManage_Handler
                0x0000000008001838        0x6 Core/Src/stm32f4xx_it.o
                0x0000000008001838                MemManage_Handler
 .text.BusFault_Handler
                0x000000000800183e        0x6 Core/Src/stm32f4xx_it.o
                0x000000000800183e                BusFault_Handler
 .text.UsageFault_Handler
                0x0000000008001844        0x6 Core/Src/stm32f4xx_it.o
                0x0000000008001844                UsageFault_Handler
 .text.SVC_Handler
                0x000000000800184a        0xe Core/Src/stm32f4xx_it.o
                0x000000000800184a                SVC_Handler
 .text.DebugMon_Handler
                0x0000000008001858        0xe Core/Src/stm32f4xx_it.o
                0x0000000008001858                DebugMon_Handler
 .text.PendSV_Handler
                0x0000000008001866        0xe Core/Src/stm32f4xx_it.o
                0x0000000008001866                PendSV_Handler
 .text.SysTick_Handler
                0x0000000008001874        0xc Core/Src/stm32f4xx_it.o
                0x0000000008001874                SysTick_Handler
 .text.SystemInit
                0x0000000008001880       0x2c Core/Src/system_stm32f4xx.o
                0x0000000008001880                SystemInit
 .text.Reset_Handler
                0x00000000080018ac       0x50 Core/Startup/startup_stm32f407vgtx.o
                0x00000000080018ac                Reset_Handler
 .text.Default_Handler
                0x00000000080018fc        0x2 Core/Startup/startup_stm32f407vgtx.o
                0x00000000080018fc                RTC_Alarm_IRQHandler
                0x00000000080018fc                HASH_RNG_IRQHandler
                0x00000000080018fc                EXTI2_IRQHandler
                0x00000000080018fc                TIM8_CC_IRQHandler
                0x00000000080018fc                TIM1_CC_IRQHandler
                0x00000000080018fc                DMA2_Stream5_IRQHandler
                0x00000000080018fc                DMA1_Stream5_IRQHandler
                0x00000000080018fc                PVD_IRQHandler
                0x00000000080018fc                SDIO_IRQHandler
                0x00000000080018fc                TAMP_STAMP_IRQHandler
                0x00000000080018fc                CAN2_RX1_IRQHandler
                0x00000000080018fc                EXTI3_IRQHandler
                0x00000000080018fc                TIM8_TRG_COM_TIM14_IRQHandler
                0x00000000080018fc                TIM1_UP_TIM10_IRQHandler
                0x00000000080018fc                TIM8_UP_TIM13_IRQHandler
                0x00000000080018fc                I2C3_ER_IRQHandler
                0x00000000080018fc                EXTI0_IRQHandler
                0x00000000080018fc                I2C2_EV_IRQHandler
                0x00000000080018fc                DMA1_Stream2_IRQHandler
                0x00000000080018fc                CAN1_RX0_IRQHandler
                0x00000000080018fc                FPU_IRQHandler
                0x00000000080018fc                OTG_HS_WKUP_IRQHandler
                0x00000000080018fc                CAN2_SCE_IRQHandler
                0x00000000080018fc                DMA2_Stream2_IRQHandler
                0x00000000080018fc                SPI1_IRQHandler
                0x00000000080018fc                TIM6_DAC_IRQHandler
                0x00000000080018fc                TIM1_BRK_TIM9_IRQHandler
                0x00000000080018fc                DCMI_IRQHandler
                0x00000000080018fc                CAN2_RX0_IRQHandler
                0x00000000080018fc                DMA2_Stream3_IRQHandler
                0x00000000080018fc                USART6_IRQHandler
                0x00000000080018fc                USART3_IRQHandler
                0x00000000080018fc                CAN1_RX1_IRQHandler
                0x00000000080018fc                UART5_IRQHandler
                0x00000000080018fc                DMA2_Stream0_IRQHandler
                0x00000000080018fc                TIM4_IRQHandler
                0x00000000080018fc                I2C1_EV_IRQHandler
                0x00000000080018fc                DMA1_Stream6_IRQHandler
                0x00000000080018fc                DMA1_Stream1_IRQHandler
                0x00000000080018fc                UART4_IRQHandler
                0x00000000080018fc                TIM3_IRQHandler
                0x00000000080018fc                RCC_IRQHandler
                0x00000000080018fc                TIM8_BRK_TIM12_IRQHandler
                0x00000000080018fc                Default_Handler
                0x00000000080018fc                EXTI15_10_IRQHandler
                0x00000000080018fc                ADC_IRQHandler
                0x00000000080018fc                DMA1_Stream7_IRQHandler
                0x00000000080018fc                TIM7_IRQHandler
                0x00000000080018fc                CAN2_TX_IRQHandler
                0x00000000080018fc                TIM5_IRQHandler
                0x00000000080018fc                DMA2_Stream7_IRQHandler
                0x00000000080018fc                I2C3_EV_IRQHandler
                0x00000000080018fc                EXTI9_5_IRQHandler
                0x00000000080018fc                RTC_WKUP_IRQHandler
                0x00000000080018fc                ETH_WKUP_IRQHandler
                0x00000000080018fc                SPI2_IRQHandler
                0x00000000080018fc                OTG_HS_EP1_IN_IRQHandler
                0x00000000080018fc                DMA1_Stream0_IRQHandler
                0x00000000080018fc                CAN1_TX_IRQHandler
                0x00000000080018fc                EXTI4_IRQHandler
                0x00000000080018fc                FSMC_IRQHandler
                0x00000000080018fc                ETH_IRQHandler
                0x00000000080018fc                OTG_HS_EP1_OUT_IRQHandler
                0x00000000080018fc                WWDG_IRQHandler
                0x00000000080018fc                TIM2_IRQHandler
                0x00000000080018fc                OTG_FS_WKUP_IRQHandler
                0x00000000080018fc                TIM1_TRG_COM_TIM11_IRQHandler
                0x00000000080018fc                OTG_HS_IRQHandler
                0x00000000080018fc                EXTI1_IRQHandler
                0x00000000080018fc                USART2_IRQHandler
                0x00000000080018fc                I2C2_ER_IRQHandler
                0x00000000080018fc                DMA2_Stream1_IRQHandler
                0x00000000080018fc                CAN1_SCE_IRQHandler
                0x00000000080018fc                FLASH_IRQHandler
                0x00000000080018fc                DMA2_Stream4_IRQHandler
                0x00000000080018fc                USART1_IRQHandler
                0x00000000080018fc                OTG_FS_IRQHandler
                0x00000000080018fc                SPI3_IRQHandler
                0x00000000080018fc                DMA1_Stream4_IRQHandler
                0x00000000080018fc                I2C1_ER_IRQHandler
                0x00000000080018fc                DMA2_Stream6_IRQHandler
                0x00000000080018fc                DMA1_Stream3_IRQHandler
 *fill*         0x00000000080018fe        0x2 
 .text.HAL_Init
                0x0000000008001900       0x44 Drivers/STM32F4xx_HAL_Driver/Src/stm32f4xx_hal.o
                0x0000000008001900                HAL_Init
 .text.HAL_InitTick
                0x0000000008001944       0x60 Drivers/STM32F4xx_HAL_Driver/Src/stm32f4xx_hal.o
                0x0000000008001944                HAL_InitTick
 .text.HAL_IncTick
                0x00000000080019a4       0x28 Drivers/STM32F4xx_HAL_Driver/Src/stm32f4xx_hal.o
                0x00000000080019a4                HAL_IncTick
 .text.HAL_GetTick
                0x00000000080019cc       0x18 Drivers/STM32F4xx_HAL_Driver/Src/stm32f4xx_hal.o
                0x00000000080019cc                HAL_GetTick
 .text.HAL_Delay
                0x00000000080019e4       0x44 Drivers/STM32F4xx_HAL_Driver/Src/stm32f4xx_hal.o
                0x00000000080019e4                HAL_Delay
 .text.__NVIC_SetPriorityGrouping
                0x0000000008001a28       0x48 Drivers/STM32F4xx_HAL_Driver/Src/stm32f4xx_hal_cortex.o
 .text.__NVIC_GetPriorityGrouping
                0x0000000008001a70       0x1c Drivers/STM32F4xx_HAL_Driver/Src/stm32f4xx_hal_cortex.o
 .text.__NVIC_SetPriority
                0x0000000008001a8c       0x54 Drivers/STM32F4xx_HAL_Driver/Src/stm32f4xx_hal_cortex.o
 .text.NVIC_EncodePriority
                0x0000000008001ae0       0x66 Drivers/STM32F4xx_HAL_Driver/Src/stm32f4xx_hal_cortex.o
 *fill*         0x0000000008001b46        0x2 
 .text.SysTick_Config
                0x0000000008001b48       0x44 Drivers/STM32F4xx_HAL_Driver/Src/stm32f4xx_hal_cortex.o
 .text.HAL_NVIC_SetPriorityGrouping
                0x0000000008001b8c       0x16 Drivers/STM32F4xx_HAL_Driver/Src/stm32f4xx_hal_cortex.o
                0x0000000008001b8c                HAL_NVIC_SetPriorityGrouping
 .text.HAL_NVIC_SetPriority
                0x0000000008001ba2       0x38 Drivers/STM32F4xx_HAL_Driver/Src/stm32f4xx_hal_cortex.o
                0x0000000008001ba2                HAL_NVIC_SetPriority
 .text.HAL_SYSTICK_Config
                0x0000000008001bda       0x18 Drivers/STM32F4xx_HAL_Driver/Src/stm32f4xx_hal_cortex.o
                0x0000000008001bda                HAL_SYSTICK_Config
 .text.HAL_CRC_Init
                0x0000000008001bf2       0x38 Drivers/STM32F4xx_HAL_Driver/Src/stm32f4xx_hal_crc.o
                0x0000000008001bf2                HAL_CRC_Init
 *fill*         0x0000000008001c2a        0x2 
 .text.HAL_GPIO_Init
                0x0000000008001c2c      0x334 Drivers/STM32F4xx_HAL_Driver/Src/stm32f4xx_hal_gpio.o
                0x0000000008001c2c                HAL_GPIO_Init
 .text.HAL_GPIO_WritePin
                0x0000000008001f60       0x32 Drivers/STM32F4xx_HAL_Driver/Src/stm32f4xx_hal_gpio.o
                0x0000000008001f60                HAL_GPIO_WritePin
 *fill*         0x0000000008001f92        0x2 
 .text.HAL_RCC_OscConfig
                0x0000000008001f94      0x4e0 Drivers/STM32F4xx_HAL_Driver/Src/stm32f4xx_hal_rcc.o
                0x0000000008001f94                HAL_RCC_OscConfig
 .text.HAL_RCC_ClockConfig
                0x0000000008002474      0x1cc Drivers/STM32F4xx_HAL_Driver/Src/stm32f4xx_hal_rcc.o
                0x0000000008002474                HAL_RCC_ClockConfig
 .text.HAL_RCC_GetSysClockFreq
                0x0000000008002640      0x1b0 Drivers/STM32F4xx_HAL_Driver/Src/stm32f4xx_hal_rcc.o
                0x0000000008002640                HAL_RCC_GetSysClockFreq
 .text.HAL_SPI_Init
                0x00000000080027f0       0xc8 Drivers/STM32F4xx_HAL_Driver/Src/stm32f4xx_hal_spi.o
                0x00000000080027f0                HAL_SPI_Init
 .text.HAL_SPI_Transmit
                0x00000000080028b8      0x268 Drivers/STM32F4xx_HAL_Driver/Src/stm32f4xx_hal_spi.o
                0x00000000080028b8                HAL_SPI_Transmit
 .text.HAL_SPI_TransmitReceive
                0x0000000008002b20      0x344 Drivers/STM32F4xx_HAL_Driver/Src/stm32f4xx_hal_spi.o
                0x0000000008002b20                HAL_SPI_TransmitReceive
 .text.SPI_WaitFlagStateUntilTimeout
                0x0000000008002e64       0xd4 Drivers/STM32F4xx_HAL_Driver/Src/stm32f4xx_hal_spi.o
 .text.SPI_EndRxTxTransaction
                0x0000000008002f38       0x84 Drivers/STM32F4xx_HAL_Driver/Src/stm32f4xx_hal_spi.o
 .text.MX_FATFS_Init
                0x0000000008002fbc       0x24 FATFS/App/fatfs.o
                0x0000000008002fbc                MX_FATFS_Init
 .text.get_fattime
                0x0000000008002fe0       0x10 FATFS/App/fatfs.o
                0x0000000008002fe0                get_fattime
 .text.USER_initialize
                0x0000000008002ff0       0x1c FATFS/Target/user_diskio.o
                0x0000000008002ff0                USER_initialize
 .text.USER_status
                0x000000000800300c       0x1c FATFS/Target/user_diskio.o
                0x000000000800300c                USER_status
 .text.USER_read
                0x0000000008003028       0x26 FATFS/Target/user_diskio.o
                0x0000000008003028                USER_read
 .text.USER_write
                0x000000000800304e       0x26 FATFS/Target/user_diskio.o
                0x000000000800304e                USER_write
 .text.USER_ioctl
                0x0000000008003074       0x26 FATFS/Target/user_diskio.o
                0x0000000008003074                USER_ioctl
 *fill*         0x000000000800309a        0x2 
 .text.disk_status
                0x000000000800309c       0x34 Middlewares/Third_Party/FatFs/src/diskio.o
                0x000000000800309c                disk_status
 .text.disk_initialize
                0x00000000080030d0       0x4c Middlewares/Third_Party/FatFs/src/diskio.o
                0x00000000080030d0                disk_initialize
 .text.disk_read
                0x000000000800311c       0x40 Middlewares/Third_Party/FatFs/src/diskio.o
                0x000000000800311c                disk_read
 .text.disk_write
                0x000000000800315c       0x40 Middlewares/Third_Party/FatFs/src/diskio.o
                0x000000000800315c                disk_write
 .text.disk_ioctl
                0x000000000800319c       0x3c Middlewares/Third_Party/FatFs/src/diskio.o
                0x000000000800319c                disk_ioctl
 .text.ld_word  0x00000000080031d8       0x30 Middlewares/Third_Party/FatFs/src/ff.o
 .text.ld_dword
                0x0000000008003208       0x46 Middlewares/Third_Party/FatFs/src/ff.o
 .text.st_word  0x000000000800324e       0x36 Middlewares/Third_Party/FatFs/src/ff.o
 .text.st_dword
                0x0000000008003284       0x58 Middlewares/Third_Party/FatFs/src/ff.o
 .text.mem_cpy  0x00000000080032dc       0x42 Middlewares/Third_Party/FatFs/src/ff.o
 .text.mem_set  0x000000000800331e       0x34 Middlewares/Third_Party/FatFs/src/ff.o
 .text.mem_cmp  0x0000000008003352       0x4e Middlewares/Third_Party/FatFs/src/ff.o
 .text.chk_chr  0x00000000080033a0       0x36 Middlewares/Third_Party/FatFs/src/ff.o
 *fill*         0x00000000080033d6        0x2 
 .text.chk_lock
                0x00000000080033d8       0xb8 Middlewares/Third_Party/FatFs/src/ff.o
 .text.enq_lock
                0x0000000008003490       0x44 Middlewares/Third_Party/FatFs/src/ff.o
 .text.inc_lock
                0x00000000080034d4      0x11c Middlewares/Third_Party/FatFs/src/ff.o
 .text.dec_lock
                0x00000000080035f0       0x78 Middlewares/Third_Party/FatFs/src/ff.o
 .text.clear_lock
                0x0000000008003668       0x48 Middlewares/Third_Party/FatFs/src/ff.o
 .text.sync_window
                0x00000000080036b0       0x88 Middlewares/Third_Party/FatFs/src/ff.o
 .text.move_window
                0x0000000008003738       0x5a Middlewares/Third_Party/FatFs/src/ff.o
 *fill*         0x0000000008003792        0x2 
 .text.sync_fs  0x0000000008003794       0xdc Middlewares/Third_Party/FatFs/src/ff.o
 .text.clust2sect
                0x0000000008003870       0x3e Middlewares/Third_Party/FatFs/src/ff.o
 .text.get_fat  0x00000000080038ae      0x14a Middlewares/Third_Party/FatFs/src/ff.o
 .text.put_fat  0x00000000080039f8      0x1ce Middlewares/Third_Party/FatFs/src/ff.o
 .text.remove_chain
                0x0000000008003bc6       0xca Middlewares/Third_Party/FatFs/src/ff.o
 .text.create_chain
                0x0000000008003c90      0x130 Middlewares/Third_Party/FatFs/src/ff.o
 .text.clmt_clust
                0x0000000008003dc0       0x68 Middlewares/Third_Party/FatFs/src/ff.o
 .text.dir_sdi  0x0000000008003e28       0xf6 Middlewares/Third_Party/FatFs/src/ff.o
 .text.dir_next
                0x0000000008003f1e      0x18a Middlewares/Third_Party/FatFs/src/ff.o
 .text.dir_alloc
                0x00000000080040a8       0x8e Middlewares/Third_Party/FatFs/src/ff.o
 .text.ld_clust
                0x0000000008004136       0x3e Middlewares/Third_Party/FatFs/src/ff.o
 .text.st_clust
                0x0000000008004174       0x40 Middlewares/Third_Party/FatFs/src/ff.o
 .text.cmp_lfn  0x00000000080041b4       0xe0 Middlewares/Third_Party/FatFs/src/ff.o
 .text.put_lfn  0x0000000008004294       0xd0 Middlewares/Third_Party/FatFs/src/ff.o
 .text.gen_numname
                0x0000000008004364      0x11e Middlewares/Third_Party/FatFs/src/ff.o
 .text.sum_sfn  0x0000000008004482       0x42 Middlewares/Third_Party/FatFs/src/ff.o
 .text.dir_find
                0x00000000080044c4      0x180 Middlewares/Third_Party/FatFs/src/ff.o
 .text.dir_register
                0x0000000008004644      0x1f0 Middlewares/Third_Party/FatFs/src/ff.o
 .text.create_name
                0x0000000008004834      0x370 Middlewares/Third_Party/FatFs/src/ff.o
 .text.follow_path
                0x0000000008004ba4       0xe2 Middlewares/Third_Party/FatFs/src/ff.o
 .text.get_ldnumber
                0x0000000008004c86       0x88 Middlewares/Third_Party/FatFs/src/ff.o
 *fill*         0x0000000008004d0e        0x2 
 .text.check_fs
                0x0000000008004d10       0xac Middlewares/Third_Party/FatFs/src/ff.o
 .text.find_volume
                0x0000000008004dbc      0x498 Middlewares/Third_Party/FatFs/src/ff.o
 .text.validate
                0x0000000008005254       0x6a Middlewares/Third_Party/FatFs/src/ff.o
 *fill*         0x00000000080052be        0x2 
 .text.f_mount  0x00000000080052c0       0x8c Middlewares/Third_Party/FatFs/src/ff.o
                0x00000000080052c0                f_mount
 .text.f_open   0x000000000800534c      0x494 Middlewares/Third_Party/FatFs/src/ff.o
                0x000000000800534c                f_open
 .text.f_read   0x00000000080057e0      0x27e Middlewares/Third_Party/FatFs/src/ff.o
                0x00000000080057e0                f_read
 .text.f_sync   0x0000000008005a5e       0xfc Middlewares/Third_Party/FatFs/src/ff.o
                0x0000000008005a5e                f_sync
 .text.f_close  0x0000000008005b5a       0x54 Middlewares/Third_Party/FatFs/src/ff.o
                0x0000000008005b5a                f_close
 .text.f_lseek  0x0000000008005bae      0x412 Middlewares/Third_Party/FatFs/src/ff.o
                0x0000000008005bae                f_lseek
 .text.FATFS_LinkDriverEx
                0x0000000008005fc0       0x98 Middlewares/Third_Party/FatFs/src/ff_gen_drv.o
                0x0000000008005fc0                FATFS_LinkDriverEx
 .text.FATFS_LinkDriver
                0x0000000008006058       0x1e Middlewares/Third_Party/FatFs/src/ff_gen_drv.o
                0x0000000008006058                FATFS_LinkDriver
 *fill*         0x0000000008006076        0x2 
 .text.ff_convert
                0x0000000008006078       0x78 Middlewares/Third_Party/FatFs/src/option/ccsbcs.o
                0x0000000008006078                ff_convert
 .text.ff_wtoupper
                0x00000000080060f0      0x114 Middlewares/Third_Party/FatFs/src/option/ccsbcs.o
                0x00000000080060f0                ff_wtoupper
 .text._SetPhysRAMAddr
                0x0000000008006204       0xa2 ../GUI/Lib\libSTemWin.a(GUIDRV_FlexColor_Func66709.o)
 .text._SetRect
                0x00000000080062a6       0xa6 ../GUI/Lib\libSTemWin.a(GUIDRV_FlexColor_Func66709.o)
 .text._SetOrientation
                0x000000000800634c       0x3c ../GUI/Lib\libSTemWin.a(GUIDRV_FlexColor_Func66709.o)
 .text._ReadPixel_16bpp_B8
                0x0000000008006388       0x38 ../GUI/Lib\libSTemWin.a(GUIDRV_FlexColor_Func66709.o)
 .text._ReadPixel_16bpp_B16_I
                0x00000000080063c0       0x3e ../GUI/Lib\libSTemWin.a(GUIDRV_FlexColor_Func66709.o)
 .text._SetReg_B8
                0x00000000080063fe       0x18 ../GUI/Lib\libSTemWin.a(GUIDRV_FlexColor_Func66709.o)
 .text._SetReg_B16
                0x0000000008006416        0xc ../GUI/Lib\libSTemWin.a(GUIDRV_FlexColor_Func66709.o)
 .text._WritePara_B8
                0x0000000008006422        0xc ../GUI/Lib\libSTemWin.a(GUIDRV_FlexColor_Func66709.o)
 .text._WritePara_B16
                0x000000000800642e        0xc ../GUI/Lib\libSTemWin.a(GUIDRV_FlexColor_Func66709.o)
 *fill*         0x000000000800643a        0x2 
 .text._SetInterface
                0x000000000800643c       0x34 ../GUI/Lib\libSTemWin.a(GUIDRV_FlexColor_Func66709.o)
 .text._ReadRect_16bpp_B8
                0x0000000008006470       0x60 ../GUI/Lib\libSTemWin.a(GUIDRV_FlexColor_Func66709.o)
 .text._ReadRect_16bpp_B16_I
                0x00000000080064d0       0x62 ../GUI/Lib\libSTemWin.a(GUIDRV_FlexColor_Func66709.o)
 *fill*         0x0000000008006532        0x2 
 .text.GUIDRV_FlexColor_SetFunc66709
                0x0000000008006534       0x74 ../GUI/Lib\libSTemWin.a(GUIDRV_FlexColor_Func66709.o)
                0x0000000008006534                GUIDRV_FlexColor_SetFunc66709
 .text._WriteU16_A1
                0x00000000080065a8       0x18 ../GUI/Lib\libSTemWin.a(GUIDRV_FlexColor_16bpp_C0B8.o)
 .text._WriteDataMP
                0x00000000080065c0       0x46 ../GUI/Lib\libSTemWin.a(GUIDRV_FlexColor_16bpp_C0B8.o)
 .text._ReadData
                0x0000000008006606        0xa ../GUI/Lib\libSTemWin.a(GUIDRV_FlexColor_16bpp_C0B8.o)
 .text._WriteData
                0x0000000008006610        0x6 ../GUI/Lib\libSTemWin.a(GUIDRV_FlexColor_16bpp_C0B8.o)
 *fill*         0x0000000008006616        0x2 
 .text._FillRect
                0x0000000008006618      0x10c ../GUI/Lib\libSTemWin.a(GUIDRV_FlexColor_16bpp_C0B8.o)
 .text._DrawBitmap
                0x0000000008006724      0x514 ../GUI/Lib\libSTemWin.a(GUIDRV_FlexColor_16bpp_C0B8.o)
 .text.GUIDRV_FlexColor_SetMode16bppC0B8
                0x0000000008006c38       0x68 ../GUI/Lib\libSTemWin.a(GUIDRV_FlexColor_16bpp_C0B8.o)
                0x0000000008006c38                GUIDRV_FlexColor_SetMode16bppC0B8
 .text._Log2PhysX_X0Y0S0
                0x0000000008006ca0        0x4 ../GUI/Lib\libSTemWin.a(GUIDRV_FlexColor.o)
 .text._Log2PhysX_X1Y0S0
                0x0000000008006ca4        0x8 ../GUI/Lib\libSTemWin.a(GUIDRV_FlexColor.o)
 .text._Log2PhysX_X0Y1S0
                0x0000000008006cac        0x4 ../GUI/Lib\libSTemWin.a(GUIDRV_FlexColor.o)
 .text._Log2PhysX_X1Y1S0
                0x0000000008006cb0        0x8 ../GUI/Lib\libSTemWin.a(GUIDRV_FlexColor.o)
 .text._Log2PhysX_X0Y0S1
                0x0000000008006cb8        0x4 ../GUI/Lib\libSTemWin.a(GUIDRV_FlexColor.o)
 .text._Log2PhysX_X1Y0S1
                0x0000000008006cbc        0x8 ../GUI/Lib\libSTemWin.a(GUIDRV_FlexColor.o)
 .text._Log2PhysX_X0Y1S1
                0x0000000008006cc4        0x4 ../GUI/Lib\libSTemWin.a(GUIDRV_FlexColor.o)
 .text._Log2PhysX_X1Y1S1
                0x0000000008006cc8        0x8 ../GUI/Lib\libSTemWin.a(GUIDRV_FlexColor.o)
 .text._Log2PhysY_X0Y0S0
                0x0000000008006cd0        0x4 ../GUI/Lib\libSTemWin.a(GUIDRV_FlexColor.o)
 .text._Log2PhysY_X1Y0S0
                0x0000000008006cd4        0x4 ../GUI/Lib\libSTemWin.a(GUIDRV_FlexColor.o)
 .text._Log2PhysY_X0Y1S0
                0x0000000008006cd8        0x8 ../GUI/Lib\libSTemWin.a(GUIDRV_FlexColor.o)
 .text._Log2PhysY_X1Y1S0
                0x0000000008006ce0        0x8 ../GUI/Lib\libSTemWin.a(GUIDRV_FlexColor.o)
 .text._Log2PhysY_X0Y0S1
                0x0000000008006ce8        0x4 ../GUI/Lib\libSTemWin.a(GUIDRV_FlexColor.o)
 .text._Log2PhysY_X1Y0S1
                0x0000000008006cec        0x4 ../GUI/Lib\libSTemWin.a(GUIDRV_FlexColor.o)
 .text._Log2PhysY_X0Y1S1
                0x0000000008006cf0        0x8 ../GUI/Lib\libSTemWin.a(GUIDRV_FlexColor.o)
 .text._Log2PhysY_X1Y1S1
                0x0000000008006cf8        0x8 ../GUI/Lib\libSTemWin.a(GUIDRV_FlexColor.o)
 .text._SetPixelIndex
                0x0000000008006d00        0xc ../GUI/Lib\libSTemWin.a(GUIDRV_FlexColor.o)
 .text._GetPixelIndex
                0x0000000008006d0c        0xc ../GUI/Lib\libSTemWin.a(GUIDRV_FlexColor.o)
 .text._XorPixel
                0x0000000008006d18       0x28 ../GUI/Lib\libSTemWin.a(GUIDRV_FlexColor.o)
 .text._DrawHLine
                0x0000000008006d40       0x10 ../GUI/Lib\libSTemWin.a(GUIDRV_FlexColor.o)
 .text._DrawVLine
                0x0000000008006d50       0x12 ../GUI/Lib\libSTemWin.a(GUIDRV_FlexColor.o)
 .text._FillRect
                0x0000000008006d62       0x12 ../GUI/Lib\libSTemWin.a(GUIDRV_FlexColor.o)
 .text._DrawBitmap
                0x0000000008006d74       0x28 ../GUI/Lib\libSTemWin.a(GUIDRV_FlexColor.o)
 .text._GetDevFunc_SetRect
                0x0000000008006d9c        0x2 ../GUI/Lib\libSTemWin.a(GUIDRV_FlexColor.o)
 *fill*         0x0000000008006d9e        0x2 
 .text._GetDevFunc_SetRectOutside
                0x0000000008006da0       0x40 ../GUI/Lib\libSTemWin.a(GUIDRV_FlexColor.o)
 .text._ReadPixelCust_16bpp
                0x0000000008006de0        0xe ../GUI/Lib\libSTemWin.a(GUIDRV_FlexColor.o)
 .text._ReadPixelCust_18bpp
                0x0000000008006dee        0xe ../GUI/Lib\libSTemWin.a(GUIDRV_FlexColor.o)
 .text._ReadRectCust_16bpp
                0x0000000008006dfc       0x36 ../GUI/Lib\libSTemWin.a(GUIDRV_FlexColor.o)
 .text._ReadRectCust_18bpp
                0x0000000008006e32       0x36 ../GUI/Lib\libSTemWin.a(GUIDRV_FlexColor.o)
 .text._GetDevFunc
                0x0000000008006e68       0x7c ../GUI/Lib\libSTemWin.a(GUIDRV_FlexColor.o)
 .text._GetDevProp
                0x0000000008006ee4       0x5a ../GUI/Lib\libSTemWin.a(GUIDRV_FlexColor.o)
 .text._GetDevData
                0x0000000008006f3e        0xc ../GUI/Lib\libSTemWin.a(GUIDRV_FlexColor.o)
 .text._GetRect
                0x0000000008006f4a       0x16 ../GUI/Lib\libSTemWin.a(GUIDRV_FlexColor.o)
 .text.GUIDRV_FlexColor__SetLog2Phys
                0x0000000008006f60       0x48 ../GUI/Lib\libSTemWin.a(GUIDRV_FlexColor.o)
                0x0000000008006f60                GUIDRV_FlexColor__SetLog2Phys
 .text._SetOrg  0x0000000008006fa8       0x16 ../GUI/Lib\libSTemWin.a(GUIDRV_FlexColor.o)
 .text.GUIDRV_FlexColor__SetPixelIndexNoCache
                0x0000000008006fbe       0x90 ../GUI/Lib\libSTemWin.a(GUIDRV_FlexColor.o)
                0x0000000008006fbe                GUIDRV_FlexColor__SetPixelIndexNoCache
 .text.GUIDRV_FlexColor__GetPixelIndexNoCache
                0x000000000800704e       0xb2 ../GUI/Lib\libSTemWin.a(GUIDRV_FlexColor.o)
                0x000000000800704e                GUIDRV_FlexColor__GetPixelIndexNoCache
 .text.GUIDRV_FlexColor__InitOnce
                0x0000000008007100       0x3c ../GUI/Lib\libSTemWin.a(GUIDRV_FlexColor.o)
                0x0000000008007100                GUIDRV_FlexColor__InitOnce
 .text._SetDevFunc
                0x000000000800713c       0x9c ../GUI/Lib\libSTemWin.a(GUIDRV_FlexColor.o)
 .text._GetDevFunc_Init
                0x00000000080071d8       0x4a ../GUI/Lib\libSTemWin.a(GUIDRV_FlexColor.o)
 .text._GetDevFunc_SetSize
                0x0000000008007222       0x14 ../GUI/Lib\libSTemWin.a(GUIDRV_FlexColor.o)
 .text._GetDevFunc_SetVSize
                0x0000000008007236       0x14 ../GUI/Lib\libSTemWin.a(GUIDRV_FlexColor.o)
 .text._GetDevFunc_Off
                0x000000000800724a       0x16 ../GUI/Lib\libSTemWin.a(GUIDRV_FlexColor.o)
 .text._GetDevFunc_On
                0x0000000008007260       0x16 ../GUI/Lib\libSTemWin.a(GUIDRV_FlexColor.o)
 .text.GUIDRV_FlexColor_Config
                0x0000000008007276       0x3c ../GUI/Lib\libSTemWin.a(GUIDRV_FlexColor.o)
                0x0000000008007276                GUIDRV_FlexColor_Config
 .text.GUIDRV_FlexColor_SetFunc
                0x00000000080072b2       0x32 ../GUI/Lib\libSTemWin.a(GUIDRV_FlexColor.o)
                0x00000000080072b2                GUIDRV_FlexColor_SetFunc
 .text.LCD_SetVSizeEx
                0x00000000080072e4       0x30 ../GUI/Lib\libSTemWin.a(LCD_Set.o)
                0x00000000080072e4                LCD_SetVSizeEx
 .text.LCD_SetSizeEx
                0x0000000008007314       0x30 ../GUI/Lib\libSTemWin.a(LCD_Set.o)
                0x0000000008007314                LCD_SetSizeEx
 .text.LCD_SetLUTEntryEx
                0x0000000008007344       0x30 ../GUI/Lib\libSTemWin.a(LCD_Set.o)
                0x0000000008007344                LCD_SetLUTEntryEx
 .text.GUI__IntersectRect
                0x0000000008007374       0x3c ../GUI/Lib\libSTemWin.a(GUI__Private.o)
                0x0000000008007374                GUI__IntersectRect
 .text.GUI__IntersectRects
                0x00000000080073b0       0x64 ../GUI/Lib\libSTemWin.a(GUI__Private.o)
                0x00000000080073b0                GUI__IntersectRects
 .text.GUI__memset16
                0x0000000008007414       0x5c ../GUI/Lib\libSTemWin.a(GUI__Private.o)
                0x0000000008007414                GUI__memset16
 .text.GUI__Read16
                0x0000000008007470       0x10 ../GUI/Lib\libSTemWin.a(GUI__Private.o)
                0x0000000008007470                GUI__Read16
 .text.GUI__Read32
                0x0000000008007480       0x1e ../GUI/Lib\libSTemWin.a(GUI__Private.o)
                0x0000000008007480                GUI__Read32
 *fill*         0x000000000800749e        0x2 
 .text.GUI_DEVICE__GetpDriver
                0x00000000080074a0       0x20 ../GUI/Lib\libSTemWin.a(GUI_Device.o)
                0x00000000080074a0                GUI_DEVICE__GetpDriver
 .text.GUI_DEVICE_Delete
                0x00000000080074c0        0x4 ../GUI/Lib\libSTemWin.a(GUI_Device.o)
                0x00000000080074c0                GUI_DEVICE_Delete
 .text.GUI_DEVICE_Create
                0x00000000080074c4       0x4c ../GUI/Lib\libSTemWin.a(GUI_Device.o)
                0x00000000080074c4                GUI_DEVICE_Create
 .text.GUI_DEVICE_Unlink
                0x0000000008007510       0x34 ../GUI/Lib\libSTemWin.a(GUI_Device.o)
                0x0000000008007510                GUI_DEVICE_Unlink
 .text.GUI_DEVICE_Link
                0x0000000008007544       0x84 ../GUI/Lib\libSTemWin.a(GUI_Device.o)
                0x0000000008007544                GUI_DEVICE_Link
 .text.GUI_DEVICE_CreateAndLink
                0x00000000080075c8       0x28 ../GUI/Lib\libSTemWin.a(GUI_Device.o)
                0x00000000080075c8                GUI_DEVICE_CreateAndLink
 .text._OnExit  0x00000000080075f0       0x4c ../GUI/Lib\libSTemWin.a(GUI_Core.o)
 .text._InitContext
                0x000000000800763c       0x88 ../GUI/Lib\libSTemWin.a(GUI_Core.o)
 .text.GUI_SetDefaultFont
                0x00000000080076c4        0xc ../GUI/Lib\libSTemWin.a(GUI_Core.o)
                0x00000000080076c4                GUI_SetDefaultFont
 .text.GUI_ClearRect
                0x00000000080076d0       0x64 ../GUI/Lib\libSTemWin.a(GUI_Core.o)
                0x00000000080076d0                GUI_ClearRect
 .text.GUI_Clear
                0x0000000008007734       0x20 ../GUI/Lib\libSTemWin.a(GUI_Core.o)
                0x0000000008007734                GUI_Clear
 .text.GUI__RegisterExit
                0x0000000008007754       0x24 ../GUI/Lib\libSTemWin.a(GUI_Core.o)
                0x0000000008007754                GUI__RegisterExit
 .text.GUI__Config
                0x0000000008007778       0x30 ../GUI/Lib\libSTemWin.a(GUI_Core.o)
                0x0000000008007778                GUI__Config
 .text.GUI_Init
                0x00000000080077a8       0xc4 ../GUI/Lib\libSTemWin.a(GUI_Core.o)
                0x00000000080077a8                GUI_Init
 .text.GUI_CalcColorDist
                0x000000000800786c       0x50 ../GUI/Lib\libSTemWin.a(GUI_Common.o)
                0x000000000800786c                GUI_CalcColorDist
 .text.GUI_MergeRect
                0x00000000080078bc       0x56 ../GUI/Lib\libSTemWin.a(GUI_Common.o)
                0x00000000080078bc                GUI_MergeRect
 .text.GUI_MoveRect
                0x0000000008007912       0x20 ../GUI/Lib\libSTemWin.a(GUI_Common.o)
                0x0000000008007912                GUI_MoveRect
 *fill*         0x0000000008007932        0x2 
 .text.GUI_GotoXY
                0x0000000008007934       0x10 ../GUI/Lib\libSTemWin.a(GUI_Common.o)
                0x0000000008007934                GUI_GotoXY
 .text.GUI_RectsIntersect
                0x0000000008007944       0x3a ../GUI/Lib\libSTemWin.a(GUI_Common.o)
                0x0000000008007944                GUI_RectsIntersect
 .text.GUI_SelectLCD
                0x000000000800797e       0x12 ../GUI/Lib\libSTemWin.a(GUI_Common.o)
                0x000000000800797e                GUI_SelectLCD
 .text.GUI_SetBkColor
                0x0000000008007990        0x4 ../GUI/Lib\libSTemWin.a(GUI_Common.o)
                0x0000000008007990                GUI_SetBkColor
 .text.GUI_SetOrg
                0x0000000008007994       0x34 ../GUI/Lib\libSTemWin.a(GUI_Common.o)
                0x0000000008007994                GUI_SetOrg
 .text.GUIMONO_DispChar
                0x00000000080079c8      0x150 ../GUI/Lib\libSTemWin.a(GUI_CharM.o)
                0x00000000080079c8                GUIMONO_DispChar
 .text.GUIMONO_GetCharDistX
                0x0000000008007b18       0x18 ../GUI/Lib\libSTemWin.a(GUI_CharM.o)
                0x0000000008007b18                GUIMONO_GetCharDistX
 .text.GUIMONO_GetFontInfo
                0x0000000008007b30        0x6 ../GUI/Lib\libSTemWin.a(GUI_CharM.o)
                0x0000000008007b30                GUIMONO_GetFontInfo
 .text.GUIMONO_IsInFont
                0x0000000008007b36       0x36 ../GUI/Lib\libSTemWin.a(GUI_CharM.o)
                0x0000000008007b36                GUIMONO_IsInFont
 .text._GetClipParam
                0x0000000008007b6c       0xd4 ../GUI/Lib\libSTemWin.a(GUI_BMP.o)
 .text._GetBitfieldsPara
                0x0000000008007c40       0x22 ../GUI/Lib\libSTemWin.a(GUI_BMP.o)
 .text._DrawLine_RGB
                0x0000000008007c62       0x7a ../GUI/Lib\libSTemWin.a(GUI_BMP.o)
 .text._NextPixel_FlushBuffer
                0x0000000008007cdc       0x48 ../GUI/Lib\libSTemWin.a(GUI_BMP.o)
 .text._NextPixel_NextLine
                0x0000000008007d24       0x20 ../GUI/Lib\libSTemWin.a(GUI_BMP.o)
 .text._NextPixel_SetPixel
                0x0000000008007d44       0xd4 ../GUI/Lib\libSTemWin.a(GUI_BMP.o)
 .text._NextPixel_End
                0x0000000008007e18       0x28 ../GUI/Lib\libSTemWin.a(GUI_BMP.o)
 .text._NextPixel_Start
                0x0000000008007e40       0x8c ../GUI/Lib\libSTemWin.a(GUI_BMP.o)
 .text._GetEarlyOut.isra.0
                0x0000000008007ecc       0xac ../GUI/Lib\libSTemWin.a(GUI_BMP.o)
 .text.GUI_BMP__ReadData
                0x0000000008007f78       0x2a ../GUI/Lib\libSTemWin.a(GUI_BMP.o)
                0x0000000008007f78                GUI_BMP__ReadData
 *fill*         0x0000000008007fa2        0x2 
 .text.GUI_BMP__ReadPalette
                0x0000000008007fa4       0x4c ../GUI/Lib\libSTemWin.a(GUI_BMP.o)
                0x0000000008007fa4                GUI_BMP__ReadPalette
 .text._ManageBitfields.part.2
                0x0000000008007ff0       0x64 ../GUI/Lib\libSTemWin.a(GUI_BMP.o)
 .text._Index2ColorBitfields
                0x0000000008008054       0x5c ../GUI/Lib\libSTemWin.a(GUI_BMP.o)
 .text._DrawBitmap_RGB
                0x00000000080080b0      0x118 ../GUI/Lib\libSTemWin.a(GUI_BMP.o)
 .text._DrawBitmap_16bpp
                0x00000000080081c8       0xfc ../GUI/Lib\libSTemWin.a(GUI_BMP.o)
 .text.GUI_BMP__Init
                0x00000000080082c4       0xe4 ../GUI/Lib\libSTemWin.a(GUI_BMP.o)
                0x00000000080082c4                GUI_BMP__Init
 .text.GUI_BMP_DrawEx
                0x00000000080083a8      0x4a0 ../GUI/Lib\libSTemWin.a(GUI_BMP.o)
                0x00000000080083a8                GUI_BMP_DrawEx
 .text._PushFreeBlock
                0x0000000008008848       0x24 ../GUI/Lib\libSTemWin.a(GUI_Alloc.o)
 .text._RemoveFreeBlock
                0x000000000800886c       0x40 ../GUI/Lib\libSTemWin.a(GUI_Alloc.o)
 .text._AddFreeMemory
                0x00000000080088ac       0xa0 ../GUI/Lib\libSTemWin.a(GUI_Alloc.o)
 .text._RemoveHoles
                0x000000000800894c       0x9c ../GUI/Lib\libSTemWin.a(GUI_Alloc.o)
 .text.GUI_ALLOC_FreeFixedBlock
                0x00000000080089e8       0x14 ../GUI/Lib\libSTemWin.a(GUI_Alloc.o)
                0x00000000080089e8                GUI_ALLOC_FreeFixedBlock
 .text.GUI_ALLOC_h2p
                0x00000000080089fc       0x14 ../GUI/Lib\libSTemWin.a(GUI_Alloc.o)
                0x00000000080089fc                GUI_ALLOC_h2p
 .text.GUI_ALLOC_LockH
                0x0000000008008a10       0x1c ../GUI/Lib\libSTemWin.a(GUI_Alloc.o)
                0x0000000008008a10                GUI_ALLOC_LockH
 .text.GUI_ALLOC_UnlockH
                0x0000000008008a2c       0x30 ../GUI/Lib\libSTemWin.a(GUI_Alloc.o)
                0x0000000008008a2c                GUI_ALLOC_UnlockH
 .text.GUI_ALLOC_AssignMemory
                0x0000000008008a5c       0x10 ../GUI/Lib\libSTemWin.a(GUI_Alloc.o)
                0x0000000008008a5c                GUI_ALLOC_AssignMemory
 .text.GUI_ALLOC_Free
                0x0000000008008a6c       0x28 ../GUI/Lib\libSTemWin.a(GUI_Alloc.o)
                0x0000000008008a6c                GUI_ALLOC_Free
 .text._EnlargeBlocks
                0x0000000008008a94       0xa0 ../GUI/Lib\libSTemWin.a(GUI_Alloc.o)
 .text._InitOnce
                0x0000000008008b34       0x64 ../GUI/Lib\libSTemWin.a(GUI_Alloc.o)
 .text.GUI_ALLOC_GetFixedBlock
                0x0000000008008b98       0xa4 ../GUI/Lib\libSTemWin.a(GUI_Alloc.o)
                0x0000000008008b98                GUI_ALLOC_GetFixedBlock
 .text.GUI_ALLOC_GetMaxSize
                0x0000000008008c3c       0x3c ../GUI/Lib\libSTemWin.a(GUI_Alloc.o)
                0x0000000008008c3c                GUI_ALLOC_GetMaxSize
 .text._Alloc   0x0000000008008c78       0xec ../GUI/Lib\libSTemWin.a(GUI_Alloc.o)
 .text.GUI_ALLOC_AllocNoInit
                0x0000000008008d64        0x8 ../GUI/Lib\libSTemWin.a(GUI_Alloc.o)
                0x0000000008008d64                GUI_ALLOC_AllocNoInit
 .text.GUI_ALLOC_AllocZero
                0x0000000008008d6c       0x30 ../GUI/Lib\libSTemWin.a(GUI_Alloc.o)
                0x0000000008008d6c                GUI_ALLOC_AllocZero
 .text.LCD_Index2Color_M565
                0x0000000008008d9c       0x28 ../GUI/Lib\libSTemWin.a(GUICC_M565.o)
                0x0000000008008d9c                LCD_Index2Color_M565
 .text._Color2Index_M565
                0x0000000008008dc4       0x28 ../GUI/Lib\libSTemWin.a(GUICC_M565.o)
 .text._GetIndexMask_M565
                0x0000000008008dec        0x6 ../GUI/Lib\libSTemWin.a(GUICC_M565.o)
 *fill*         0x0000000008008df2        0x2 
 .text._Color2IndexBulk
                0x0000000008008df4       0x4c ../GUI/Lib\libSTemWin.a(GUICC_M565.o)
 .text._Index2ColorBulk
                0x0000000008008e40       0x5c ../GUI/Lib\libSTemWin.a(GUICC_M565.o)
 .text.LCD_Index2Color_M555
                0x0000000008008e9c       0x24 ../GUI/Lib\libSTemWin.a(GUICC_M555_Index2Color.o)
                0x0000000008008e9c                LCD_Index2Color_M555
 .text.WM_GetDesktopWindow
                0x0000000008008ec0       0x18 ../GUI/Lib\libSTemWin.a(WM_Lib.o)
                0x0000000008008ec0                WM_GetDesktopWindow
 .text.WM_GetFirstChild
                0x0000000008008ed8       0x10 ../GUI/Lib\libSTemWin.a(WM_Lib.o)
                0x0000000008008ed8                WM_GetFirstChild
 .text.WM_GetParent
                0x0000000008008ee8       0x10 ../GUI/Lib\libSTemWin.a(WM_Lib.o)
                0x0000000008008ee8                WM_GetParent
 .text.WM_BringToBottom
                0x0000000008008ef8       0x86 ../GUI/Lib\libSTemWin.a(WM_Lib.o)
                0x0000000008008ef8                WM_BringToBottom
 .text.WM_SendToParent
                0x0000000008008f7e       0x1c ../GUI/Lib\libSTemWin.a(WM_Lib.o)
                0x0000000008008f7e                WM_SendToParent
 *fill*         0x0000000008008f9a        0x2 
 .text._OnExit  0x0000000008008f9c       0xac ../GUI/Lib\libSTemWin.a(WM.o)
 .text._Findy1  0x0000000008009048       0xac ../GUI/Lib\libSTemWin.a(WM.o)
 .text._Findx0  0x00000000080090f4       0x88 ../GUI/Lib\libSTemWin.a(WM.o)
 .text._Findx1  0x000000000800917c       0x76 ../GUI/Lib\libSTemWin.a(WM.o)
 *fill*         0x00000000080091f2        0x2 
 .text.WM__ClipAtParentBorders
                0x00000000080091f4       0x5c ../GUI/Lib\libSTemWin.a(WM.o)
                0x00000000080091f4                WM__ClipAtParentBorders
 .text.WM__InsertWindowIntoList
                0x0000000008009250       0xa4 ../GUI/Lib\libSTemWin.a(WM.o)
                0x0000000008009250                WM__InsertWindowIntoList
 .text.WM__Client2Screen
                0x00000000080092f4       0x10 ../GUI/Lib\libSTemWin.a(WM.o)
                0x00000000080092f4                WM__Client2Screen
 .text._SetClipRectUserIntersect
                0x0000000008009304       0x50 ../GUI/Lib\libSTemWin.a(WM.o)
 .text.WM__ActivateClipRect
                0x0000000008009354       0x48 ../GUI/Lib\libSTemWin.a(WM.o)
                0x0000000008009354                WM__ActivateClipRect
 .text.WM__InvalidateDrawAndDescs
                0x000000000800939c       0x50 ../GUI/Lib\libSTemWin.a(WM.o)
                0x000000000800939c                WM__InvalidateDrawAndDescs
 .text.WM__RectIsNZ
                0x00000000080093ec       0x22 ../GUI/Lib\libSTemWin.a(WM.o)
                0x00000000080093ec                WM__RectIsNZ
 .text.WM__SendMsgNoData
                0x000000000800940e       0x16 ../GUI/Lib\libSTemWin.a(WM.o)
                0x000000000800940e                WM__SendMsgNoData
 .text.WM__GetClientRectWin
                0x0000000008009424       0x18 ../GUI/Lib\libSTemWin.a(WM.o)
                0x0000000008009424                WM__GetClientRectWin
 .text.WM__GetTopLevelLayer
                0x000000000800943c       0x28 ../GUI/Lib\libSTemWin.a(WM.o)
                0x000000000800943c                WM__GetTopLevelLayer
 .text._Invalidate1Abs
                0x0000000008009464       0xa0 ../GUI/Lib\libSTemWin.a(WM.o)
 .text.WM__Invalidate1Abs
                0x0000000008009504        0x6 ../GUI/Lib\libSTemWin.a(WM.o)
                0x0000000008009504                WM__Invalidate1Abs
 .text.WM_InvalidateWindowAndDescsEx
                0x000000000800950a       0x64 ../GUI/Lib\libSTemWin.a(WM.o)
                0x000000000800950a                WM_InvalidateWindowAndDescsEx
 .text.WM__InvalidateRect
                0x000000000800956e       0x78 ../GUI/Lib\libSTemWin.a(WM.o)
                0x000000000800956e                WM__InvalidateRect
 .text.WM__InvalidateRectEx
                0x00000000080095e6        0x6 ../GUI/Lib\libSTemWin.a(WM.o)
                0x00000000080095e6                WM__InvalidateRectEx
 .text.WM_InvalidateRect
                0x00000000080095ec       0x78 ../GUI/Lib\libSTemWin.a(WM.o)
                0x00000000080095ec                WM_InvalidateRect
 .text.WM_InvalidateWindow
                0x0000000008009664        0x6 ../GUI/Lib\libSTemWin.a(WM.o)
                0x0000000008009664                WM_InvalidateWindow
 .text.WM__SelectTopLevelLayer
                0x000000000800966a       0x14 ../GUI/Lib\libSTemWin.a(WM.o)
                0x000000000800966a                WM__SelectTopLevelLayer
 *fill*         0x000000000800967e        0x2 
 .text.WM_SelectWindow
                0x0000000008009680       0x40 ../GUI/Lib\libSTemWin.a(WM.o)
                0x0000000008009680                WM_SelectWindow
 .text.WM_CreateWindowAsChild
                0x00000000080096c0      0x154 ../GUI/Lib\libSTemWin.a(WM.o)
                0x00000000080096c0                WM_CreateWindowAsChild
 .text.WM__GetNextIVR
                0x0000000008009814      0x184 ../GUI/Lib\libSTemWin.a(WM.o)
                0x0000000008009814                WM__GetNextIVR
 .text.WM__InitIVRSearch
                0x0000000008009998       0xfc ../GUI/Lib\libSTemWin.a(WM.o)
                0x0000000008009998                WM__InitIVRSearch
 .text.WM_Activate
                0x0000000008009a94       0x10 ../GUI/Lib\libSTemWin.a(WM.o)
                0x0000000008009a94                WM_Activate
 .text.WM_DefaultProc
                0x0000000008009aa4       0x48 ../GUI/Lib\libSTemWin.a(WM.o)
                0x0000000008009aa4                WM_DefaultProc
 .text._cbBackWin
                0x0000000008009aec       0x68 ../GUI/Lib\libSTemWin.a(WM.o)
 .text.WM_Init  0x0000000008009b54       0xf4 ../GUI/Lib\libSTemWin.a(WM.o)
                0x0000000008009b54                WM_Init
 .text.GUI_MEMDEV_GetDataPtr
                0x0000000008009c48       0x1e ../GUI/Lib\libSTemWin.a(GUIDEV_GetDataPtr.o)
                0x0000000008009c48                GUI_MEMDEV_GetDataPtr
 *fill*         0x0000000008009c66        0x2 
 .text._GetDevData
                0x0000000008009c68       0x10 ../GUI/Lib\libSTemWin.a(GUIDEV_16.o)
 .text._GetDevFunc
                0x0000000008009c78       0x10 ../GUI/Lib\libSTemWin.a(GUIDEV_16.o)
 .text._SetOrg  0x0000000008009c88        0xe ../GUI/Lib\libSTemWin.a(GUIDEV_16.o)
 .text._GetRect
                0x0000000008009c96       0x32 ../GUI/Lib\libSTemWin.a(GUIDEV_16.o)
 .text._XY2PTR  0x0000000008009cc8       0x40 ../GUI/Lib\libSTemWin.a(GUIDEV_16.o)
 .text._GetPixelIndex
                0x0000000008009d08        0xe ../GUI/Lib\libSTemWin.a(GUIDEV_16.o)
 *fill*         0x0000000008009d16        0x2 
 .text._XorPixel
                0x0000000008009d18       0x58 ../GUI/Lib\libSTemWin.a(GUIDEV_16.o)
 .text._SetPixelIndex
                0x0000000008009d70       0x4c ../GUI/Lib\libSTemWin.a(GUIDEV_16.o)
 .text._DrawVLine
                0x0000000008009dbc       0xbc ../GUI/Lib\libSTemWin.a(GUIDEV_16.o)
 .text._FillRect
                0x0000000008009e78       0xb4 ../GUI/Lib\libSTemWin.a(GUIDEV_16.o)
 .text._DrawHLine
                0x0000000008009f2c        0xe ../GUI/Lib\libSTemWin.a(GUIDEV_16.o)
 *fill*         0x0000000008009f3a        0x2 
 .text._DrawBitmap
                0x0000000008009f3c      0x72c ../GUI/Lib\libSTemWin.a(GUIDEV_16.o)
 .text._GetDevProp
                0x000000000800a668       0x1c ../GUI/Lib\libSTemWin.a(GUIDEV_16.o)
 .text.GUI_MEMDEV_GetBitsPerPixel
                0x000000000800a684       0x2a ../GUI/Lib\libSTemWin.a(GUIDEV.o)
                0x000000000800a684                GUI_MEMDEV_GetBitsPerPixel
 *fill*         0x000000000800a6ae        0x2 
 .text.GUI_MEMDEV_Delete
                0x000000000800a6b0       0x44 ../GUI/Lib\libSTemWin.a(GUIDEV.o)
                0x000000000800a6b0                GUI_MEMDEV_Delete
 .text.LCD_UpdateColorIndices
                0x000000000800a6f4       0x24 ../GUI/Lib\libSTemWin.a(LCD_UpdateColorIndices.o)
                0x000000000800a6f4                LCD_UpdateColorIndices
 .text.LCD_SetClipRectEx
                0x000000000800a718       0x30 ../GUI/Lib\libSTemWin.a(LCD_SetClipRectEx.o)
                0x000000000800a718                LCD_SetClipRectEx
 .text.LCD_SelectLCD
                0x000000000800a748       0x40 ../GUI/Lib\libSTemWin.a(LCD_SelectLCD.o)
                0x000000000800a748                LCD_SelectLCD
 .text._GetDevProp
                0x000000000800a788       0x1e ../GUI/Lib\libSTemWin.a(LCD_GetEx.o)
 .text._GetMaxValue
                0x000000000800a7a6       0x22 ../GUI/Lib\libSTemWin.a(LCD_GetEx.o)
 .text.LCD_GetBitsPerPixelEx
                0x000000000800a7c8        0x6 ../GUI/Lib\libSTemWin.a(LCD_GetEx.o)
                0x000000000800a7c8                LCD_GetBitsPerPixelEx
 .text.LCD_GetNumColorsEx
                0x000000000800a7ce        0x6 ../GUI/Lib\libSTemWin.a(LCD_GetEx.o)
                0x000000000800a7ce                LCD_GetNumColorsEx
 .text.LCD_GetNumColors
                0x000000000800a7d4       0x10 ../GUI/Lib\libSTemWin.a(LCD_GetEx.o)
                0x000000000800a7d4                LCD_GetNumColors
 .text.GUI_GetBitsPerPixelEx
                0x000000000800a7e4       0x18 ../GUI/Lib\libSTemWin.a(LCD_GetEx.o)
                0x000000000800a7e4                GUI_GetBitsPerPixelEx
 .text.LCD_GetPaletteEx
                0x000000000800a7fc       0x14 ../GUI/Lib\libSTemWin.a(LCD_GetEx.o)
                0x000000000800a7fc                LCD_GetPaletteEx
 .text.LCD_GetPalette
                0x000000000800a810       0x10 ../GUI/Lib\libSTemWin.a(LCD_GetEx.o)
                0x000000000800a810                LCD_GetPalette
 .text.GUI_GetpfIndex2ColorEx
                0x000000000800a820       0x10 ../GUI/Lib\libSTemWin.a(LCD_GetEx.o)
                0x000000000800a820                GUI_GetpfIndex2ColorEx
 .text.LCD_GetpfColor2IndexEx
                0x000000000800a830        0xe ../GUI/Lib\libSTemWin.a(LCD_GetEx.o)
                0x000000000800a830                LCD_GetpfColor2IndexEx
 *fill*         0x000000000800a83e        0x2 
 .text.GUI_GetpfColor2IndexEx
                0x000000000800a840       0x10 ../GUI/Lib\libSTemWin.a(LCD_GetEx.o)
                0x000000000800a840                GUI_GetpfColor2IndexEx
 .text.LCD_GetXSizeMax
                0x000000000800a850        0x6 ../GUI/Lib\libSTemWin.a(LCD_GetEx.o)
                0x000000000800a850                LCD_GetXSizeMax
 .text.LCD_GetYSizeMax
                0x000000000800a856        0x6 ../GUI/Lib\libSTemWin.a(LCD_GetEx.o)
                0x000000000800a856                LCD_GetYSizeMax
 .text.LCD_SetDisplaySize
                0x000000000800a85c       0x14 ../GUI/Lib\libSTemWin.a(LCD_GetEx.o)
                0x000000000800a85c                LCD_SetDisplaySize
 .text.LCD_GetXSizeDisplay
                0x000000000800a870        0xc ../GUI/Lib\libSTemWin.a(LCD_GetEx.o)
                0x000000000800a870                LCD_GetXSizeDisplay
 .text.LCD_GetYSizeDisplay
                0x000000000800a87c        0xc ../GUI/Lib\libSTemWin.a(LCD_GetEx.o)
                0x000000000800a87c                LCD_GetYSizeDisplay
 .text.LCD__GetBPP
                0x000000000800a888       0x7e ../GUI/Lib\libSTemWin.a(LCD_GetEx.o)
                0x000000000800a888                LCD__GetBPP
 .text.LCD__GetBPPDevice
                0x000000000800a906       0x2c ../GUI/Lib\libSTemWin.a(LCD_GetEx.o)
                0x000000000800a906                LCD__GetBPPDevice
 *fill*         0x000000000800a932        0x2 
 .text._OnExit  0x000000000800a934       0x1c ../GUI/Lib\libSTemWin.a(LCD_Color.o)
 .text.LCD_InitColors
                0x000000000800a950       0x38 ../GUI/Lib\libSTemWin.a(LCD_Color.o)
                0x000000000800a950                LCD_InitColors
 .text.LCD_InitLUT
                0x000000000800a988       0x7c ../GUI/Lib\libSTemWin.a(LCD_Color.o)
                0x000000000800a988                LCD_InitLUT
 .text._SetDrawMode
                0x000000000800aa04       0x28 ../GUI/Lib\libSTemWin.a(LCD.o)
 .text.LCD_SetDrawMode
                0x000000000800aa2c       0x10 ../GUI/Lib\libSTemWin.a(LCD.o)
                0x000000000800aa2c                LCD_SetDrawMode
 .text.LCD_DrawPixel
                0x000000000800aa3c       0x5c ../GUI/Lib\libSTemWin.a(LCD.o)
                0x000000000800aa3c                LCD_DrawPixel
 .text.LCD_DrawHLine
                0x000000000800aa98       0x4c ../GUI/Lib\libSTemWin.a(LCD.o)
                0x000000000800aa98                LCD_DrawHLine
 .text.LCD_FillRect
                0x000000000800aae4       0x58 ../GUI/Lib\libSTemWin.a(LCD.o)
                0x000000000800aae4                LCD_FillRect
 .text.LCD__DrawBitmap_1bpp
                0x000000000800ab3c      0x1b8 ../GUI/Lib\libSTemWin.a(LCD.o)
                0x000000000800ab3c                LCD__DrawBitmap_1bpp
 .text.LCD_DrawBitmap
                0x000000000800acf4      0x218 ../GUI/Lib\libSTemWin.a(LCD.o)
                0x000000000800acf4                LCD_DrawBitmap
 .text.LCD_SetClipRectMax
                0x000000000800af0c       0x20 ../GUI/Lib\libSTemWin.a(LCD.o)
                0x000000000800af0c                LCD_SetClipRectMax
 .text.emWin_LCD_Init
                0x000000000800af2c       0xa8 ../GUI/Lib\libSTemWin.a(LCD.o)
                0x000000000800af2c                emWin_LCD_Init
 .text.LCD_Color2Index
                0x000000000800afd4       0x20 ../GUI/Lib\libSTemWin.a(LCD.o)
                0x000000000800afd4                LCD_Color2Index
 .text.LCD_Index2Color
                0x000000000800aff4       0x20 ../GUI/Lib\libSTemWin.a(LCD.o)
                0x000000000800aff4                LCD_Index2Color
 .text.LCD_SetColorIndex
                0x000000000800b014       0x18 ../GUI/Lib\libSTemWin.a(LCD.o)
                0x000000000800b014                LCD_SetColorIndex
 .text._SetColor
                0x000000000800b02c       0x20 ../GUI/Lib\libSTemWin.a(LCD.o)
 .text.LCD_SetBkColorIndex
                0x000000000800b04c       0x18 ../GUI/Lib\libSTemWin.a(LCD.o)
                0x000000000800b04c                LCD_SetBkColorIndex
 .text._SetBkColor
                0x000000000800b064       0x20 ../GUI/Lib\libSTemWin.a(LCD.o)
 .text.LCD_SetBkColor
                0x000000000800b084       0x10 ../GUI/Lib\libSTemWin.a(LCD.o)
                0x000000000800b084                LCD_SetBkColor
 .text.LCD_SetColor
                0x000000000800b094       0x10 ../GUI/Lib\libSTemWin.a(LCD.o)
                0x000000000800b094                LCD_SetColor
 .text.GUI_SignalEvent
                0x000000000800b0a4       0x10 ../GUI/Lib\libSTemWin.a(GUI_WaitEvent.o)
                0x000000000800b0a4                GUI_SignalEvent
 .text._GetCharCode
                0x000000000800b0b4        0x4 ../GUI/Lib\libSTemWin.a(GUI_UC_EncodeNone.o)
 .text._GetCharSize
                0x000000000800b0b8        0x4 ../GUI/Lib\libSTemWin.a(GUI_UC_EncodeNone.o)
 .text._CalcSizeOfChar
                0x000000000800b0bc        0x4 ../GUI/Lib\libSTemWin.a(GUI_UC_EncodeNone.o)
 .text._Encode  0x000000000800b0c0        0x6 ../GUI/Lib\libSTemWin.a(GUI_UC_EncodeNone.o)
 *fill*         0x000000000800b0c6        0x2 
 .text.GUI_SelectLayer
                0x000000000800b0c8       0x2c ../GUI/Lib\libSTemWin.a(GUI_SelectLayer.o)
                0x000000000800b0c8                GUI_SelectLayer
 .text.GUI_StoreKey
                0x000000000800b0f4       0x10 ../GUI/Lib\libSTemWin.a(GUI_OnKey.o)
                0x000000000800b0f4                GUI_StoreKey
 .text._GetIndexMask_0
                0x000000000800b104       0x52 ../GUI/Lib\libSTemWin.a(GUICC_0.o)
 .text._Index2Color_0
                0x000000000800b156       0x1e ../GUI/Lib\libSTemWin.a(GUICC_0.o)
 .text._Color2Index_0
                0x000000000800b174       0x5e ../GUI/Lib\libSTemWin.a(GUICC_0.o)
 .text.WM__GetFirstSibling
                0x000000000800b1d2       0x12 ../GUI/Lib\libSTemWin.a(WM__Private.o)
                0x000000000800b1d2                WM__GetFirstSibling
 .text.WM__GetPrevSibling
                0x000000000800b1e4       0x26 ../GUI/Lib\libSTemWin.a(WM__Private.o)
                0x000000000800b1e4                WM__GetPrevSibling
 *fill*         0x000000000800b20a        0x2 
 .text.WM__SendMessage
                0x000000000800b20c       0x3c ../GUI/Lib\libSTemWin.a(WM__Private.o)
                0x000000000800b20c                WM__SendMessage
 .text.WM__AddCriticalHandle
                0x000000000800b248       0x10 ../GUI/Lib\libSTemWin.a(WM__Private.o)
                0x000000000800b248                WM__AddCriticalHandle
 .text.WM__GetClientRectEx
                0x000000000800b258       0x22 ../GUI/Lib\libSTemWin.a(WM__Private.o)
                0x000000000800b258                WM__GetClientRectEx
 .text._Convert16
                0x000000000800b27a       0x3e ../GUI/Lib\libSTemWin.a(GUIDEV_WriteToActiveOpaque.o)
 .text._Convert8
                0x000000000800b2b8       0x42 ../GUI/Lib\libSTemWin.a(GUIDEV_WriteToActiveOpaque.o)
 *fill*         0x000000000800b2fa        0x2 
 .text.GUI_MEMDEV__WriteToActiveOpaque
                0x000000000800b2fc      0x724 ../GUI/Lib\libSTemWin.a(GUIDEV_WriteToActiveOpaque.o)
                0x000000000800b2fc                GUI_MEMDEV__WriteToActiveOpaque
 .text.GUI_USAGE_DecUseCnt
                0x000000000800ba20       0x28 ../GUI/Lib\libSTemWin.a(GUIDEV_Usage.o)
                0x000000000800ba20                GUI_USAGE_DecUseCnt
 .text.GUI_USAGE_AddRect
                0x000000000800ba48       0x2a ../GUI/Lib\libSTemWin.a(GUIDEV_Usage.o)
                0x000000000800ba48                GUI_USAGE_AddRect
 .text.LCD_GetNumLayers
                0x000000000800ba72       0x1e ../GUI/Lib\libSTemWin.a(LCD_GetNumDisplays.o)
                0x000000000800ba72                LCD_GetNumLayers
 .text.GUI__CompactPixelIndices
                0x000000000800ba90      0x16c ../GUI/Lib\libSTemWin.a(GUI__CompactPixelIndices.o)
                0x000000000800ba90                GUI__CompactPixelIndices
 .text.__libc_init_array
                0x000000000800bbfc       0x48 c:/st/stm32cubeide_1.5.0/stm32cubeide/plugins/com.st.stm32cube.ide.mcu.externaltools.gnu-tools-for-stm32.7-2018-q2-update.win32_1.5.0.202011040924/tools/bin/../lib/gcc/arm-none-eabi/7.3.1/../../../../arm-none-eabi/lib/thumb/v7e-m/fpv4-sp/hard\libc_nano.a(lib_a-init.o)
                0x000000000800bbfc                __libc_init_array
 .text.memcpy   0x000000000800bc44       0x16 c:/st/stm32cubeide_1.5.0/stm32cubeide/plugins/com.st.stm32cube.ide.mcu.externaltools.gnu-tools-for-stm32.7-2018-q2-update.win32_1.5.0.202011040924/tools/bin/../lib/gcc/arm-none-eabi/7.3.1/../../../../arm-none-eabi/lib/thumb/v7e-m/fpv4-sp/hard\libc_nano.a(lib_a-memcpy-stub.o)
                0x000000000800bc44                memcpy
 .text.memmove  0x000000000800bc5a       0x32 c:/st/stm32cubeide_1.5.0/stm32cubeide/plugins/com.st.stm32cube.ide.mcu.externaltools.gnu-tools-for-stm32.7-2018-q2-update.win32_1.5.0.202011040924/tools/bin/../lib/gcc/arm-none-eabi/7.3.1/../../../../arm-none-eabi/lib/thumb/v7e-m/fpv4-sp/hard\libc_nano.a(lib_a-memmove.o)
                0x000000000800bc5a                memmove
 .text.memset   0x000000000800bc8c       0x10 c:/st/stm32cubeide_1.5.0/stm32cubeide/plugins/com.st.stm32cube.ide.mcu.externaltools.gnu-tools-for-stm32.7-2018-q2-update.win32_1.5.0.202011040924/tools/bin/../lib/gcc/arm-none-eabi/7.3.1/../../../../arm-none-eabi/lib/thumb/v7e-m/fpv4-sp/hard\libc_nano.a(lib_a-memset.o)
                0x000000000800bc8c                memset
 *(.glue_7)
 .glue_7        0x000000000800bc9c        0x0 linker stubs
 *(.glue_7t)
 .glue_7t       0x000000000800bc9c        0x0 linker stubs
 *(.eh_frame)
 .eh_frame      0x000000000800bc9c        0x0 c:/st/stm32cubeide_1.5.0/stm32cubeide/plugins/com.st.stm32cube.ide.mcu.externaltools.gnu-tools-for-stm32.7-2018-q2-update.win32_1.5.0.202011040924/tools/bin/../lib/gcc/arm-none-eabi/7.3.1/thumb/v7e-m/fpv4-sp/hard/crtbegin.o
 *(.init)
 .init          0x000000000800bc9c        0x4 c:/st/stm32cubeide_1.5.0/stm32cubeide/plugins/com.st.stm32cube.ide.mcu.externaltools.gnu-tools-for-stm32.7-2018-q2-update.win32_1.5.0.202011040924/tools/bin/../lib/gcc/arm-none-eabi/7.3.1/thumb/v7e-m/fpv4-sp/hard/crti.o
                0x000000000800bc9c                _init
 .init          0x000000000800bca0        0x8 c:/st/stm32cubeide_1.5.0/stm32cubeide/plugins/com.st.stm32cube.ide.mcu.externaltools.gnu-tools-for-stm32.7-2018-q2-update.win32_1.5.0.202011040924/tools/bin/../lib/gcc/arm-none-eabi/7.3.1/thumb/v7e-m/fpv4-sp/hard/crtn.o
 *(.fini)
 .fini          0x000000000800bca8        0x4 c:/st/stm32cubeide_1.5.0/stm32cubeide/plugins/com.st.stm32cube.ide.mcu.externaltools.gnu-tools-for-stm32.7-2018-q2-update.win32_1.5.0.202011040924/tools/bin/../lib/gcc/arm-none-eabi/7.3.1/thumb/v7e-m/fpv4-sp/hard/crti.o
                0x000000000800bca8                _fini
 .fini          0x000000000800bcac        0x8 c:/st/stm32cubeide_1.5.0/stm32cubeide/plugins/com.st.stm32cube.ide.mcu.externaltools.gnu-tools-for-stm32.7-2018-q2-update.win32_1.5.0.202011040924/tools/bin/../lib/gcc/arm-none-eabi/7.3.1/thumb/v7e-m/fpv4-sp/hard/crtn.o
                0x000000000800bcb4                . = ALIGN (0x4)
                0x000000000800bcb4                _etext = .

.vfp11_veneer   0x000000000800bcb4        0x0
 .vfp11_veneer  0x000000000800bcb4        0x0 linker stubs

.v4_bx          0x000000000800bcb4        0x0
 .v4_bx         0x000000000800bcb4        0x0 linker stubs

.iplt           0x000000000800bcb4        0x0
 .iplt          0x000000000800bcb4        0x0 c:/st/stm32cubeide_1.5.0/stm32cubeide/plugins/com.st.stm32cube.ide.mcu.externaltools.gnu-tools-for-stm32.7-2018-q2-update.win32_1.5.0.202011040924/tools/bin/../lib/gcc/arm-none-eabi/7.3.1/thumb/v7e-m/fpv4-sp/hard/crtbegin.o

.rodata         0x000000000800bcb4     0x1088
                0x000000000800bcb4                . = ALIGN (0x4)
 *(.rodata)
 .rodata        0x000000000800bcb4       0x34 Core/Src/main.o
 .rodata        0x000000000800bce8       0x48 Middlewares/Third_Party/FatFs/src/ff.o
 .rodata        0x000000000800bd30        0x8 ../GUI/Lib\libSTemWin.a(GUIDRV_FlexColor_Func66709.o)
 .rodata        0x000000000800bd38       0x40 ../GUI/Lib\libSTemWin.a(GUIDRV_FlexColor.o)
 *(.rodata*)
 .rodata.AHBPrescTable
                0x000000000800bd78       0x10 Core/Src/system_stm32f4xx.o
                0x000000000800bd78                AHBPrescTable
 .rodata.ExCvt  0x000000000800bd88       0x80 Middlewares/Third_Party/FatFs/src/ff.o
 .rodata.LfnOfs
                0x000000000800be08        0xd Middlewares/Third_Party/FatFs/src/ff.o
 *fill*         0x000000000800be15        0x3 
 .rodata.Tbl    0x000000000800be18      0x100 Middlewares/Third_Party/FatFs/src/option/ccsbcs.o
 .rodata.cvt1.8355
                0x000000000800bf18      0x1f2 Middlewares/Third_Party/FatFs/src/option/ccsbcs.o
 *fill*         0x000000000800c10a        0x2 
 .rodata.cvt2.8356
                0x000000000800c10c       0xbc Middlewares/Third_Party/FatFs/src/option/ccsbcs.o
 .rodata.GUI_F6x8_Mono
                0x000000000800c1c8       0x14 ../GUI/Lib\libSTemWin.a(F6x8.o)
 .rodata.GUI_Font6x8
                0x000000000800c1dc       0x24 ../GUI/Lib\libSTemWin.a(F6x8.o)
                0x000000000800c1dc                GUI_Font6x8
 .rodata.GUI_acFont6x8
                0x000000000800c200      0x518 ../GUI/Lib\libSTemWin.a(F6x8.o)
 .rodata.GUI_F6x8_TL8859_1
                0x000000000800c718      0x1c0 ../GUI/Lib\libSTemWin.a(F6x8.o)
 .rodata.GUI_F6x8_TI8859_1
                0x000000000800c8d8        0x8 ../GUI/Lib\libSTemWin.a(F6x8.o)
 .rodata.GUIDRV_FlexColor_API
                0x000000000800c8e0       0x34 ../GUI/Lib\libSTemWin.a(GUIDRV_FlexColor.o)
                0x000000000800c8e0                GUIDRV_FlexColor_API
 .rodata._HL_APIList
                0x000000000800c914        0x8 ../GUI/Lib\libSTemWin.a(GUI_Core.o)
 .rodata.LCD_API_ColorConv_M565
                0x000000000800c91c       0x18 ../GUI/Lib\libSTemWin.a(GUICC_M565.o)
                0x000000000800c91c                LCD_API_ColorConv_M565
 .rodata._aID   0x000000000800c934       0x40 ../GUI/Lib\libSTemWin.a(GUIDEV_16.o)
 .rodata.GUI_MEMDEV_DEVICE_16
                0x000000000800c974       0x34 ../GUI/Lib\libSTemWin.a(GUIDEV_16.o)
                0x000000000800c974                GUI_MEMDEV_DEVICE_16
 .rodata.LCD_aMirror
                0x000000000800c9a8      0x100 ../GUI/Lib\libSTemWin.a(LCD_Mirror.o)
                0x000000000800c9a8                LCD_aMirror
 .rodata._SetColorAPI
                0x000000000800caa8        0xc ../GUI/Lib\libSTemWin.a(LCD.o)
 .rodata.GUI__aConvert_255_31
                0x000000000800cab4      0x100 ../GUI/Lib\libSTemWin.a(GUI__DivTbl.o)
                0x000000000800cab4                GUI__aConvert_255_31
 .rodata.GUI__aConvert_31_255
                0x000000000800cbb4       0x20 ../GUI/Lib\libSTemWin.a(GUI__DivTbl.o)
                0x000000000800cbb4                GUI__aConvert_31_255
 .rodata.GUI__aConvert_63_255
                0x000000000800cbd4       0x40 ../GUI/Lib\libSTemWin.a(GUI__DivTbl.o)
                0x000000000800cbd4                GUI__aConvert_63_255
 .rodata.GUI__aConvert_255_63
                0x000000000800cc14      0x100 ../GUI/Lib\libSTemWin.a(GUI__DivTbl.o)
                0x000000000800cc14                GUI__aConvert_255_63
 .rodata.GUI_UC_None
                0x000000000800cd14       0x10 ../GUI/Lib\libSTemWin.a(GUI_UC_EncodeNone.o)
                0x000000000800cd14                GUI_UC_None
 .rodata.LCD_API_ColorConv_0
                0x000000000800cd24       0x18 ../GUI/Lib\libSTemWin.a(GUICC_0.o)
                0x000000000800cd24                LCD_API_ColorConv_0
                0x000000000800cd3c                . = ALIGN (0x4)

.ARM.extab      0x000000000800cd3c        0x0
                0x000000000800cd3c                . = ALIGN (0x4)
 *(.ARM.extab* .gnu.linkonce.armextab.*)
                0x000000000800cd3c                . = ALIGN (0x4)

.ARM            0x000000000800cd3c        0x8
                0x000000000800cd3c                . = ALIGN (0x4)
                0x000000000800cd3c                __exidx_start = .
 *(.ARM.exidx*)
 .ARM.exidx     0x000000000800cd3c        0x8 c:/st/stm32cubeide_1.5.0/stm32cubeide/plugins/com.st.stm32cube.ide.mcu.externaltools.gnu-tools-for-stm32.7-2018-q2-update.win32_1.5.0.202011040924/tools/bin/../lib/gcc/arm-none-eabi/7.3.1/thumb/v7e-m/fpv4-sp/hard\libgcc.a(_udivmoddi4.o)
                0x000000000800cd44                __exidx_end = .
                0x000000000800cd44                . = ALIGN (0x4)

.rel.dyn        0x000000000800cd44        0x0
 .rel.iplt      0x000000000800cd44        0x0 c:/st/stm32cubeide_1.5.0/stm32cubeide/plugins/com.st.stm32cube.ide.mcu.externaltools.gnu-tools-for-stm32.7-2018-q2-update.win32_1.5.0.202011040924/tools/bin/../lib/gcc/arm-none-eabi/7.3.1/thumb/v7e-m/fpv4-sp/hard/crtbegin.o

.preinit_array  0x000000000800cd44        0x0
                0x000000000800cd44                . = ALIGN (0x4)
                0x000000000800cd44                PROVIDE (__preinit_array_start = .)
 *(.preinit_array*)
                0x000000000800cd44                PROVIDE (__preinit_array_end = .)
                0x000000000800cd44                . = ALIGN (0x4)

.init_array     0x000000000800cd44        0x4
                0x000000000800cd44                . = ALIGN (0x4)
                0x000000000800cd44                PROVIDE (__init_array_start = .)
 *(SORT_BY_NAME(.init_array.*))
 *(.init_array*)
 .init_array    0x000000000800cd44        0x4 c:/st/stm32cubeide_1.5.0/stm32cubeide/plugins/com.st.stm32cube.ide.mcu.externaltools.gnu-tools-for-stm32.7-2018-q2-update.win32_1.5.0.202011040924/tools/bin/../lib/gcc/arm-none-eabi/7.3.1/thumb/v7e-m/fpv4-sp/hard/crtbegin.o
                0x000000000800cd48                PROVIDE (__init_array_end = .)
                0x000000000800cd48                . = ALIGN (0x4)

.fini_array     0x000000000800cd48        0x4
                0x000000000800cd48                . = ALIGN (0x4)
                [!provide]                        PROVIDE (__fini_array_start = .)
 *(SORT_BY_NAME(.fini_array.*))
 *(.fini_array*)
 .fini_array    0x000000000800cd48        0x4 c:/st/stm32cubeide_1.5.0/stm32cubeide/plugins/com.st.stm32cube.ide.mcu.externaltools.gnu-tools-for-stm32.7-2018-q2-update.win32_1.5.0.202011040924/tools/bin/../lib/gcc/arm-none-eabi/7.3.1/thumb/v7e-m/fpv4-sp/hard/crtbegin.o
                [!provide]                        PROVIDE (__fini_array_end = .)
                0x000000000800cd4c                . = ALIGN (0x4)
                0x000000000800cd4c                _sidata = LOADADDR (.data)

.data           0x0000000020000000       0x6c load address 0x000000000800cd4c
                0x0000000020000000                . = ALIGN (0x4)
                0x0000000020000000                _sdata = .
 *(.data)
 *(.data*)
 .data.Stat     0x0000000020000000        0x1 Core/Src/fatfs_sd.o
 *fill*         0x0000000020000001        0x3 
 .data.file_name
                0x0000000020000004       0x10 Core/Src/main.o
                0x0000000020000004                file_name
 .data.SystemCoreClock
                0x0000000020000014        0x4 Core/Src/system_stm32f4xx.o
                0x0000000020000014                SystemCoreClock
 .data.uwTickPrio
                0x0000000020000018        0x4 Drivers/STM32F4xx_HAL_Driver/Src/stm32f4xx_hal.o
                0x0000000020000018                uwTickPrio
 .data.uwTickFreq
                0x000000002000001c        0x1 Drivers/STM32F4xx_HAL_Driver/Src/stm32f4xx_hal.o
                0x000000002000001c                uwTickFreq
 *fill*         0x000000002000001d        0x3 
 .data.USER_Driver
                0x0000000020000020       0x14 FATFS/Target/user_diskio.o
                0x0000000020000020                USER_Driver
 .data._pfReadPixel_16bpp_B16
                0x0000000020000034        0x4 ../GUI/Lib\libSTemWin.a(GUIDRV_FlexColor_Func66709.o)
 .data._pfReadRect_16bpp_B16
                0x0000000020000038        0x4 ../GUI/Lib\libSTemWin.a(GUIDRV_FlexColor_Func66709.o)
 .data.GUI__pfMemset
                0x000000002000003c        0x4 ../GUI/Lib\libSTemWin.a(GUI__Private.o)
                0x000000002000003c                GUI__pfMemset
 .data.GUI__pfMemcpy
                0x0000000020000040        0x4 ../GUI/Lib\libSTemWin.a(GUI__Private.o)
                0x0000000020000040                GUI__pfMemcpy
 .data.GUI_pContext
                0x0000000020000044        0x4 ../GUI/Lib\libSTemWin.a(GUI_Core.o)
                0x0000000020000044                GUI_pContext
 .data.GUI__pFontDefault
                0x0000000020000048        0x4 ../GUI/Lib\libSTemWin.a(GUI_Core.o)
                0x0000000020000048                GUI__pFontDefault
 .data.GUI__ColorDefault
                0x000000002000004c        0x4 ../GUI/Lib\libSTemWin.a(GUI_Core.o)
                0x000000002000004c                GUI__ColorDefault
 .data.GUI__pfDrawLine_RGB
                0x0000000020000050        0x4 ../GUI/Lib\libSTemWin.a(GUI_BMP.o)
                0x0000000020000050                GUI__pfDrawLine_RGB
 .data._NextPixel_API
                0x0000000020000054       0x10 ../GUI/Lib\libSTemWin.a(GUI_BMP.o)
 .data._NumColors
                0x0000000020000064        0x4 ../GUI/Lib\libSTemWin.a(LCD_Color.o)
 .data.LCD__pSetColorAPI
                0x0000000020000068        0x4 ../GUI/Lib\libSTemWin.a(LCD.o)
                0x0000000020000068                LCD__pSetColorAPI
 *(.RamFunc)
 *(.RamFunc*)
                0x000000002000006c                . = ALIGN (0x4)
                0x000000002000006c                _edata = .

.igot.plt       0x000000002000006c        0x0 load address 0x000000000800cdb8
 .igot.plt      0x000000002000006c        0x0 c:/st/stm32cubeide_1.5.0/stm32cubeide/plugins/com.st.stm32cube.ide.mcu.externaltools.gnu-tools-for-stm32.7-2018-q2-update.win32_1.5.0.202011040924/tools/bin/../lib/gcc/arm-none-eabi/7.3.1/thumb/v7e-m/fpv4-sp/hard/crtbegin.o
                0x000000002000006c                . = ALIGN (0x4)

.bss            0x000000002000006c     0x38dc load address 0x000000000800cdb8
                0x000000002000006c                _sbss = .
                0x000000002000006c                __bss_start__ = _sbss
 *(.bss)
 .bss           0x000000002000006c       0x1c c:/st/stm32cubeide_1.5.0/stm32cubeide/plugins/com.st.stm32cube.ide.mcu.externaltools.gnu-tools-for-stm32.7-2018-q2-update.win32_1.5.0.202011040924/tools/bin/../lib/gcc/arm-none-eabi/7.3.1/thumb/v7e-m/fpv4-sp/hard/crtbegin.o
 *(.bss*)
 .bss.aMemory.9144
                0x0000000020000088     0x2800 Core/Src/GUIConf.o
 .bss.CardType  0x0000000020002888        0x1 Core/Src/fatfs_sd.o
 .bss.PowerFlag
                0x0000000020002889        0x1 Core/Src/fatfs_sd.o
 .bss.i         0x000000002000288a        0x1 Core/Src/main.o
                0x000000002000288a                i
 *fill*         0x000000002000288b        0x1 
 .bss.FatFs     0x000000002000288c        0x4 Middlewares/Third_Party/FatFs/src/ff.o
 .bss.Fsid      0x0000000020002890        0x2 Middlewares/Third_Party/FatFs/src/ff.o
 *fill*         0x0000000020002892        0x2 
 .bss.Files     0x0000000020002894       0x20 Middlewares/Third_Party/FatFs/src/ff.o
 .bss.disk      0x00000000200028b4        0xc Middlewares/Third_Party/FatFs/src/ff_gen_drv.o
                0x00000000200028b4                disk
 .bss.pfSetRect.9523
                0x00000000200028c0        0x4 ../GUI/Lib\libSTemWin.a(GUIDRV_FlexColor.o)
 .bss._pFirstExit
                0x00000000200028c4        0x4 ../GUI/Lib\libSTemWin.a(GUI_Core.o)
 .bss.RegisterExit.9442
                0x00000000200028c8        0x8 ../GUI/Lib\libSTemWin.a(GUI_Core.o)
 .bss.GUI__BkColorDefault
                0x00000000200028d0        0x4 ../GUI/Lib\libSTemWin.a(GUI_Core.o)
                0x00000000200028d0                GUI__BkColorDefault
 .bss.GUI__Context
                0x00000000200028d4       0x70 ../GUI/Lib\libSTemWin.a(GUI_Core.o)
 .bss._IsInitialized
                0x0000000020002944        0x4 ../GUI/Lib\libSTemWin.a(GUI_Core.o)
 .bss._Context  0x0000000020002948       0x30 ../GUI/Lib\libSTemWin.a(GUI_BMP.o)
 .bss.Info.9614
                0x0000000020002978       0x24 ../GUI/Lib\libSTemWin.a(GUI_BMP.o)
 .bss._Config   0x000000002000299c        0xc ../GUI/Lib\libSTemWin.a(GUI_Alloc.o)
 .bss._pfIndex2ColorBulk
                0x00000000200029a8        0x4 ../GUI/Lib\libSTemWin.a(GUICC_M565.o)
 .bss._pfColor2IndexBulk
                0x00000000200029ac        0x4 ../GUI/Lib\libSTemWin.a(GUICC_M565.o)
 .bss.RegisterExit.10434
                0x00000000200029b0        0x8 ../GUI/Lib\libSTemWin.a(WM.o)
 .bss._DeleteWindows
                0x00000000200029b8        0x4 ../GUI/Lib\libSTemWin.a(WM.o)
 .bss._ClipContext
                0x00000000200029bc       0x18 ../GUI/Lib\libSTemWin.a(WM.o)
 .bss._NextDrawWin
                0x00000000200029d4        0x4 ../GUI/Lib\libSTemWin.a(WM.o)
 .bss._IsInited
                0x00000000200029d8        0x1 ../GUI/Lib\libSTemWin.a(WM.o)
 *fill*         0x00000000200029d9        0x3 
 .bss._pfDrawMemdev16bppFunc
                0x00000000200029dc        0x4 ../GUI/Lib\libSTemWin.a(GUIDEV_16.o)
 .bss._ySizeDisplay
                0x00000000200029e0        0x4 ../GUI/Lib\libSTemWin.a(LCD_GetEx.o)
 .bss._xSizeDisplay
                0x00000000200029e4        0x4 ../GUI/Lib\libSTemWin.a(LCD_GetEx.o)
 .bss._pfPaletteConversionHook
                0x00000000200029e8        0x4 ../GUI/Lib\libSTemWin.a(LCD_Color.o)
 .bss.RegisterExit.8765
                0x00000000200029ec        0x8 ../GUI/Lib\libSTemWin.a(LCD_Color.o)
 .bss._pfSignalEvent
                0x00000000200029f4        0x4 ../GUI/Lib\libSTemWin.a(GUI_WaitEvent.o)
 .bss._Key      0x00000000200029f8        0x4 ../GUI/Lib\libSTemWin.a(GUI_OnKey.o)
 .bss._EntranceCnt.9666
                0x00000000200029fc        0x4 ../GUI/Lib\libSTemWin.a(WM__Private.o)
 *(COMMON)
 COMMON         0x0000000020002a00        0x4 Core/Src/fatfs_sd.o
                0x0000000020002a00                Timer2
                0x0000000020002a02                Timer1
 COMMON         0x0000000020002a04      0x91d Core/Src/main.o
                0x0000000020002a04                hspi2
                0x0000000020002a5c                ImgFile
                0x0000000020002c8c                hcrc
                0x0000000020002c94                _acBuffer
                0x0000000020003094                hspi1
                0x00000000200030ec                fileSystem
                0x0000000020003320                res
 *fill*         0x0000000020003321        0x3 
 COMMON         0x0000000020003324        0x4 Drivers/STM32F4xx_HAL_Driver/Src/stm32f4xx_hal.o
                0x0000000020003324                uwTick
 COMMON         0x0000000020003328      0x46c FATFS/App/fatfs.o
                0x0000000020003328                USERPath
                0x000000002000332c                retUSER
                0x0000000020003330                USERFile
                0x0000000020003560                USERFatFS
 COMMON         0x0000000020003794       0x64 ../GUI/Lib\libSTemWin.a(GUI_Core.o)
                0x0000000020003794                GUI__aNumBuffers
                0x0000000020003796                GUI__NumLayersInUse
                0x0000000020003798                GUI__LayerMask
                0x000000002000379c                GUI_DecChar
                0x00000000200037a0                GUI_pLCD_APIList
                0x00000000200037a4                GUI_AA__ClipX0
                0x00000000200037a8                GUI_DCACHE__pfClearCacheHook
                0x00000000200037ac                GUI_OrgY
                0x00000000200037b0                GUI_pfHookMTOUCH
                0x00000000200037b4                GUI_pfDispCharLine
                0x00000000200037b8                GUI_pfTimerExec
                0x00000000200037bc                GUI_OrgX
                0x00000000200037c0                GUI_pfAfterInitHook
                0x00000000200037c4                GUI_pfDispCharStyle
                0x00000000200037c8                GUI__IsInitialized
                0x00000000200037cc                GUI__pfDrawM565BitmapFunc
                0x00000000200037d0                GUI__PreserveTrans
                0x00000000200037d4                GUI__pfDrawM565MemdevFunc
                0x00000000200037d8                GUI_MTOUCH__pStoreEvent
                0x00000000200037dc                GUI_pfExecAnimations
                0x00000000200037e0                GUI_pUC_API
                0x00000000200037e4                GUI_pfUpdateSoftLayer
                0x00000000200037e8                GUI__apDevice
                0x00000000200037f0                GUI__BufferSize
                0x00000000200037f4                WM_pfHandlePID
 COMMON         0x00000000200037f8       0xc0 ../GUI/Lib\libSTemWin.a(GUI_Alloc.o)
                0x00000000200037f8                GUI_ALLOC__Context
 COMMON         0x00000000200038b8       0x5c ../GUI/Lib\libSTemWin.a(WM.o)
                0x00000000200038b8                WM__NumWindows
                0x00000000200038bc                WM__hATransWindow
                0x00000000200038c0                WM__ahDesktopWin
                0x00000000200038c8                WM_pfPollPID
                0x00000000200038cc                WM__pExecGestures
                0x00000000200038d0                WM__ahWinFocus
                0x00000000200038d8                WM__NumInvalidWindows
                0x00000000200038dc                WM__FirstWin
                0x00000000200038e0                WM__TouchedLayer
                0x00000000200038e4                WM__CaptureReleaseAuto
                0x00000000200038e8                WM__InvalidLayerMask
                0x00000000200038ec                WM__PaintCallbackCnt
                0x00000000200038f0                WM__CreateFlags
                0x00000000200038f4                WM__aBkColor
                0x00000000200038fc                WM__pFirstCriticalHandle
                0x0000000020003900                WM_MULTIBUF__pAPI
                0x0000000020003904                WM__ahCapture
                0x000000002000390c                WM__hCreateStatic
                0x0000000020003910                WM__TransWindowCnt
 COMMON         0x0000000020003914        0x4 ../GUI/Lib\libSTemWin.a(LCD_Color.o)
                0x0000000020003914                LCD__aConvTable
 COMMON         0x0000000020003918       0x30 ../GUI/Lib\libSTemWin.a(WM_Touch.o)
                0x0000000020003918                WM__aCHWinMouseOver
                0x0000000020003928                WM__aCHWinLast
                0x0000000020003938                WM__aCHWinModal
                0x0000000020003948                . = ALIGN (0x4)
                0x0000000020003948                _ebss = .
                0x0000000020003948                __bss_end__ = _ebss

._user_heap_stack
                0x0000000020003948      0x600 load address 0x000000000800cdb8
                0x0000000020003948                . = ALIGN (0x8)
                [!provide]                        PROVIDE (end = .)
                0x0000000020003948                PROVIDE (_end = .)
                0x0000000020003b48                . = (. + _Min_Heap_Size)
 *fill*         0x0000000020003948      0x200 
                0x0000000020003f48                . = (. + _Min_Stack_Size)
 *fill*         0x0000000020003b48      0x400 
                0x0000000020003f48                . = ALIGN (0x8)

/DISCARD/
 libc.a(*)
 libm.a(*)
 libgcc.a(*)

.ARM.attributes
                0x0000000000000000       0x2e
 *(.ARM.attributes)
 .ARM.attributes
                0x0000000000000000       0x22 c:/st/stm32cubeide_1.5.0/stm32cubeide/plugins/com.st.stm32cube.ide.mcu.externaltools.gnu-tools-for-stm32.7-2018-q2-update.win32_1.5.0.202011040924/tools/bin/../lib/gcc/arm-none-eabi/7.3.1/thumb/v7e-m/fpv4-sp/hard/crti.o
 .ARM.attributes
                0x0000000000000022       0x34 c:/st/stm32cubeide_1.5.0/stm32cubeide/plugins/com.st.stm32cube.ide.mcu.externaltools.gnu-tools-for-stm32.7-2018-q2-update.win32_1.5.0.202011040924/tools/bin/../lib/gcc/arm-none-eabi/7.3.1/thumb/v7e-m/fpv4-sp/hard/crtbegin.o
 .ARM.attributes
                0x0000000000000056       0x39 Core/Src/GUIConf.o
 .ARM.attributes
                0x000000000000008f       0x39 Core/Src/GUI_X.o
 .ARM.attributes
                0x00000000000000c8       0x39 Core/Src/LCDConf_FlexColor.o
 .ARM.attributes
                0x0000000000000101       0x39 Core/Src/fatfs_sd.o
 .ARM.attributes
                0x000000000000013a       0x39 Core/Src/main.o
 .ARM.attributes
                0x0000000000000173       0x39 Core/Src/stm32f4xx_hal_msp.o
 .ARM.attributes
                0x00000000000001ac       0x39 Core/Src/stm32f4xx_it.o
 .ARM.attributes
                0x00000000000001e5       0x39 Core/Src/system_stm32f4xx.o
 .ARM.attributes
                0x000000000000021e       0x21 Core/Startup/startup_stm32f407vgtx.o
 .ARM.attributes
                0x000000000000023f       0x39 Drivers/STM32F4xx_HAL_Driver/Src/stm32f4xx_hal.o
 .ARM.attributes